
-- Running command `read_verilog -sv rtl/rally.sv rtl/uart.sv; synth -top rally_framer; check -assert; stat' --

1. Executing Verilog-2005 frontend: rtl/rally.sv
Parsing SystemVerilog input from `rtl/rally.sv' to AST representation.
Generating RTLIL representation for module `\rally_control'.
Generating RTLIL representation for module `\rally_framer'.
Successfully finished Verilog frontend.

2. Executing Verilog-2005 frontend: rtl/uart.sv
Parsing SystemVerilog input from `rtl/uart.sv' to AST representation.
Generating RTLIL representation for module `\uart_rx'.
Generating RTLIL representation for module `\uart_tx'.
Successfully finished Verilog frontend.

3. Executing SYNTH pass.

3.1. Executing HIERARCHY pass (managing design hierarchy).

3.1.1. Analyzing design hierarchy..
Top module:  \rally_framer
Used module:     \rally_control

3.1.2. Analyzing design hierarchy..
Top module:  \rally_framer
Used module:     \rally_control
Removing unused module `\uart_tx'.
Removing unused module `\uart_rx'.
Removed 2 unused modules.

3.2. Executing PROC pass (convert processes to netlists).

3.2.1. Executing PROC_CLEAN pass (remove empty switches from decision trees).
Cleaned up 0 empty switches.

3.2.2. Executing PROC_RMDEAD pass (remove dead branches from decision trees).
Marked 5 switch rules as full_case in process $proc$rtl/rally.sv:68$603 in module rally_framer.
Marked 4 switch rules as full_case in process $proc$rtl/rally.sv:10$4 in module rally_control.
Removed a total of 0 dead cases.

3.2.3. Executing PROC_PRUNE pass (remove redundant assignments in processes).
Removed 0 redundant assignments.
Promoted 81 assignments to connections.

3.2.4. Executing PROC_INIT pass (extract init attributes).

3.2.5. Executing PROC_ARST pass (detect async resets in processes).

3.2.6. Executing PROC_ROM pass (convert switches to ROMs).
Converted 0 switches.
<suppressed ~12 debug messages>

3.2.7. Executing PROC_MUX pass (convert decision trees to multiplexers).
Creating decoders for process `\rally_framer.$proc$rtl/rally.sv:68$603'.
     1/6: $0\reply[55:0]
     2/6: $0\left[2:0]
     3/6: $0\busy[0:0]
     4/6: $0\gap[19:0]
     5/6: $0\count[3:0]
     6/6: $0\window[79:0]
Creating decoders for process `\rally_framer.$proc$rtl/rally.sv:55$32'.
Creating decoders for process `\rally_control.$proc$rtl/rally.sv:10$4'.
     1/4: $4\move[7:0]
     2/4: $3\move[7:0]
     3/4: $2\move[7:0]
     4/4: $1\move[7:0]

3.2.8. Executing PROC_DLATCH pass (convert process syncs to latches).
No latch inferred for signal `\rally_framer.\i' from process `\rally_framer.$proc$rtl/rally.sv:55$32'.
No latch inferred for signal `\rally_framer.\request_crc' from process `\rally_framer.$proc$rtl/rally.sv:55$32'.
No latch inferred for signal `\rally_framer.\reply_crc' from process `\rally_framer.$proc$rtl/rally.sv:55$32'.
No latch inferred for signal `\rally_control.\move' from process `\rally_control.$proc$rtl/rally.sv:10$4'.
No latch inferred for signal `\rally_control.\status' from process `\rally_control.$proc$rtl/rally.sv:10$4'.
No latch inferred for signal `\rally_control.\error' from process `\rally_control.$proc$rtl/rally.sv:10$4'.

3.2.9. Executing PROC_DFF pass (convert process syncs to FFs).
Creating register for signal `\rally_framer.\window' using process `\rally_framer.$proc$rtl/rally.sv:68$603'.
  created $dff cell `$procdff$769' with positive edge clock.
Creating register for signal `\rally_framer.\count' using process `\rally_framer.$proc$rtl/rally.sv:68$603'.
  created $dff cell `$procdff$770' with positive edge clock.
Creating register for signal `\rally_framer.\gap' using process `\rally_framer.$proc$rtl/rally.sv:68$603'.
  created $dff cell `$procdff$771' with positive edge clock.
Creating register for signal `\rally_framer.\busy' using process `\rally_framer.$proc$rtl/rally.sv:68$603'.
  created $dff cell `$procdff$772' with positive edge clock.
Creating register for signal `\rally_framer.\left' using process `\rally_framer.$proc$rtl/rally.sv:68$603'.
  created $dff cell `$procdff$773' with positive edge clock.
Creating register for signal `\rally_framer.\reply' using process `\rally_framer.$proc$rtl/rally.sv:68$603'.
  created $dff cell `$procdff$774' with positive edge clock.

3.2.10. Executing PROC_MEMWR pass (convert process memory writes to cells).

3.2.11. Executing PROC_CLEAN pass (remove empty switches from decision trees).
Found and cleaned up 8 empty switches in `\rally_framer.$proc$rtl/rally.sv:68$603'.
Removing empty process `rally_framer.$proc$rtl/rally.sv:68$603'.
Removing empty process `rally_framer.$proc$rtl/rally.sv:55$32'.
Found and cleaned up 4 empty switches in `\rally_control.$proc$rtl/rally.sv:10$4'.
Removing empty process `rally_control.$proc$rtl/rally.sv:10$4'.
Cleaned up 12 empty switches.

3.2.12. Executing OPT_EXPR pass (perform const folding).
Optimizing module rally_framer.
<suppressed ~397 debug messages>
Optimizing module rally_control.
<suppressed ~1 debug messages>

3.3. Executing OPT_EXPR pass (perform const folding).
Optimizing module rally_framer.
Optimizing module rally_control.

3.4. Executing OPT_CLEAN pass (remove unused cells and wires).
Finding unused cells or wires in module \rally_framer..
Finding unused cells or wires in module \rally_control..
Removed 0 unused cells and 451 unused wires.
<suppressed ~2 debug messages>

3.5. Executing CHECK pass (checking for obvious problems).
Checking module rally_framer...
Checking module rally_control...
Found and reported 0 problems.

3.6. Executing OPT pass (performing simple optimizations).

3.6.1. Executing OPT_EXPR pass (perform const folding).
Optimizing module rally_framer.
Optimizing module rally_control.

3.6.2. Executing OPT_MERGE pass (detect identical cells).
Finding identical cells in module `\rally_framer'.
Computing hashes of 271 cells of `\rally_framer'.
Finding duplicate cells in `\rally_framer'.
Finding identical cells in module `\rally_control'.
Computing hashes of 22 cells of `\rally_control'.
Finding duplicate cells in `\rally_control'.
Removed a total of 0 cells.

3.6.3. Executing OPT_MUXTREE pass (detect dead branches in mux trees).
Running muxtree optimizer on module \rally_framer..
  Creating internal representation of mux trees.
  Evaluating internal representation of mux trees.
      Replacing known input bits on port A of cell $procmux$690: \busy -> 1'1
      Replacing known input bits on port A of cell $procmux$688: \busy -> 1'1
      Replacing known input bits on port A of cell $procmux$684: \busy -> 1'0
      Replacing known input bits on port A of cell $procmux$682: \busy -> 1'0
  Analyzing evaluation results.
Running muxtree optimizer on module \rally_control..
  Creating internal representation of mux trees.
  Evaluating internal representation of mux trees.
  Analyzing evaluation results.
    dead port 2/2 on $mux $procmux$764.
    dead port 2/2 on $mux $procmux$758.
    dead port 1/2 on $mux $procmux$756.
    dead port 2/2 on $mux $procmux$749.
    dead port 1/2 on $mux $procmux$747.
    dead port 1/2 on $mux $procmux$744.
Removed 6 multiplexer ports.
<suppressed ~257 debug messages>

3.6.4. Executing OPT_REDUCE pass (consolidate $*mux and $reduce_* inputs).
  Optimizing cells in module \rally_framer.
  Optimizing cells in module \rally_control.
Performed a total of 0 changes.

3.6.5. Executing OPT_MERGE pass (detect identical cells).
Finding identical cells in module `\rally_framer'.
Computing hashes of 271 cells of `\rally_framer'.
Finding duplicate cells in `\rally_framer'.
Finding identical cells in module `\rally_control'.
Computing hashes of 16 cells of `\rally_control'.
Finding duplicate cells in `\rally_control'.
Removed a total of 0 cells.

3.6.6. Executing OPT_DFF pass (perform DFF optimizations).

3.6.7. Executing OPT_CLEAN pass (remove unused cells and wires).
Finding unused cells or wires in module \rally_framer..
Finding unused cells or wires in module \rally_control..
Removed 0 unused cells and 6 unused wires.
<suppressed ~1 debug messages>

3.6.8. Executing OPT_EXPR pass (perform const folding).
Optimizing module rally_framer.
Optimizing module rally_control.

3.6.9. Rerunning OPT passes. (Maybe there is more to do..)

3.6.10. Executing OPT_MUXTREE pass (detect dead branches in mux trees).
Running muxtree optimizer on module \rally_framer..
  Creating internal representation of mux trees.
  Evaluating internal representation of mux trees.
  Analyzing evaluation results.
Running muxtree optimizer on module \rally_control..
  Creating internal representation of mux trees.
  Evaluating internal representation of mux trees.
  Analyzing evaluation results.
Removed 0 multiplexer ports.
<suppressed ~251 debug messages>

3.6.11. Executing OPT_REDUCE pass (consolidate $*mux and $reduce_* inputs).
  Optimizing cells in module \rally_framer.
  Optimizing cells in module \rally_control.
Performed a total of 0 changes.

3.6.12. Executing OPT_MERGE pass (detect identical cells).
Finding identical cells in module `\rally_framer'.
Computing hashes of 271 cells of `\rally_framer'.
Finding duplicate cells in `\rally_framer'.
Finding identical cells in module `\rally_control'.
Computing hashes of 16 cells of `\rally_control'.
Finding duplicate cells in `\rally_control'.
Removed a total of 0 cells.

3.6.13. Executing OPT_DFF pass (perform DFF optimizations).

3.6.14. Executing OPT_CLEAN pass (remove unused cells and wires).
Finding unused cells or wires in module \rally_framer..
Finding unused cells or wires in module \rally_control..

3.6.15. Executing OPT_EXPR pass (perform const folding).
Optimizing module rally_framer.
Optimizing module rally_control.

3.6.16. Finished fast OPT passes. (There is nothing left to do.)

3.7. Executing FSM pass (extract and optimize FSM).

3.7.1. Executing FSM_DETECT pass (finding FSMs in design).

3.7.2. Executing FSM_EXTRACT pass (extracting FSM from design).

3.7.3. Executing FSM_OPT pass (simple optimizations of FSMs).

3.7.4. Executing OPT_CLEAN pass (remove unused cells and wires).
Finding unused cells or wires in module \rally_framer..
Finding unused cells or wires in module \rally_control..

3.7.5. Executing FSM_OPT pass (simple optimizations of FSMs).

3.7.6. Executing FSM_RECODE pass (re-assigning FSM state encoding).

3.7.7. Executing FSM_INFO pass (dumping all available information on FSM cells).

3.7.8. Executing FSM_MAP pass (mapping FSMs to basic logic).

3.8. Executing OPT pass (performing simple optimizations).

3.8.1. Executing OPT_EXPR pass (perform const folding).
Optimizing module rally_framer.
Optimizing module rally_control.

3.8.2. Executing OPT_MERGE pass (detect identical cells).
Finding identical cells in module `\rally_framer'.
Computing hashes of 271 cells of `\rally_framer'.
Finding duplicate cells in `\rally_framer'.
Finding identical cells in module `\rally_control'.
Computing hashes of 16 cells of `\rally_control'.
Finding duplicate cells in `\rally_control'.
Removed a total of 0 cells.

3.8.3. Executing OPT_MUXTREE pass (detect dead branches in mux trees).
Running muxtree optimizer on module \rally_framer..
  Creating internal representation of mux trees.
  Evaluating internal representation of mux trees.
  Analyzing evaluation results.
Running muxtree optimizer on module \rally_control..
  Creating internal representation of mux trees.
  Evaluating internal representation of mux trees.
  Analyzing evaluation results.
Removed 0 multiplexer ports.
<suppressed ~251 debug messages>

3.8.4. Executing OPT_REDUCE pass (consolidate $*mux and $reduce_* inputs).
  Optimizing cells in module \rally_framer.
  Optimizing cells in module \rally_control.
Performed a total of 0 changes.

3.8.5. Executing OPT_MERGE pass (detect identical cells).
Finding identical cells in module `\rally_framer'.
Computing hashes of 271 cells of `\rally_framer'.
Finding duplicate cells in `\rally_framer'.
Finding identical cells in module `\rally_control'.
Computing hashes of 16 cells of `\rally_control'.
Finding duplicate cells in `\rally_control'.
Removed a total of 0 cells.

3.8.6. Executing OPT_DFF pass (perform DFF optimizations).
Adding SRST signal on $procdff$774 ($dff) from module rally_framer (D = $procmux$660_Y, Q = \reply, rval = 56'00000000000000000000000000000000000000000000000000000000).
Adding EN signal on $auto$ff.cc:337:slice$1019 ($sdff) from module rally_framer (D = $procmux$660_Y, Q = \reply).
Adding SRST signal on $procdff$773 ($dff) from module rally_framer (D = $procmux$676_Y, Q = \left, rval = 3'000).
Adding EN signal on $auto$ff.cc:337:slice$1031 ($sdff) from module rally_framer (D = $procmux$676_Y, Q = \left).
Adding SRST signal on $procdff$772 ($dff) from module rally_framer (D = $procmux$692_Y, Q = \busy, rval = 1'0).
Adding SRST signal on $procdff$771 ($dff) from module rally_framer (D = $procmux$704_Y, Q = \gap, rval = 20'00000000000000000000).
Adding EN signal on $auto$ff.cc:337:slice$1042 ($sdff) from module rally_framer (D = $procmux$701_Y, Q = \gap).
Adding SRST signal on $procdff$770 ($dff) from module rally_framer (D = $procmux$720_Y, Q = \count, rval = 4'0000).
Adding EN signal on $auto$ff.cc:337:slice$1050 ($sdff) from module rally_framer (D = $procmux$717_Y, Q = \count).
Adding SRST signal on $procdff$769 ($dff) from module rally_framer (D = $procmux$734_Y, Q = \window, rval = 80'00000000000000000000000000000000000000000000000000000000000000000000000000000000).
Adding EN signal on $auto$ff.cc:337:slice$1060 ($sdff) from module rally_framer (D = $procmux$731_Y, Q = \window).

3.8.7. Executing OPT_CLEAN pass (remove unused cells and wires).
Finding unused cells or wires in module \rally_framer..
Finding unused cells or wires in module \rally_control..
Removed 9 unused cells and 9 unused wires.
<suppressed ~10 debug messages>

3.8.8. Executing OPT_EXPR pass (perform const folding).
Optimizing module rally_framer.
<suppressed ~6 debug messages>
Optimizing module rally_control.

3.8.9. Rerunning OPT passes. (Maybe there is more to do..)

3.8.10. Executing OPT_MUXTREE pass (detect dead branches in mux trees).
Running muxtree optimizer on module \rally_framer..
  Creating internal representation of mux trees.
  Evaluating internal representation of mux trees.
  Analyzing evaluation results.
Running muxtree optimizer on module \rally_control..
  Creating internal representation of mux trees.
  Evaluating internal representation of mux trees.
  Analyzing evaluation results.
Removed 0 multiplexer ports.
<suppressed ~242 debug messages>

3.8.11. Executing OPT_REDUCE pass (consolidate $*mux and $reduce_* inputs).
  Optimizing cells in module \rally_framer.
  Optimizing cells in module \rally_control.
Performed a total of 0 changes.

3.8.12. Executing OPT_MERGE pass (detect identical cells).
Finding identical cells in module `\rally_framer'.
Computing hashes of 281 cells of `\rally_framer'.
Finding duplicate cells in `\rally_framer'.
Computing hashes of 275 cells of `\rally_framer'.
Finding duplicate cells in `\rally_framer'.
<suppressed ~18 debug messages>
Finding identical cells in module `\rally_control'.
Computing hashes of 16 cells of `\rally_control'.
Finding duplicate cells in `\rally_control'.
Removed a total of 6 cells.

3.8.13. Executing OPT_DFF pass (perform DFF optimizations).

3.8.14. Executing OPT_CLEAN pass (remove unused cells and wires).
Finding unused cells or wires in module \rally_framer..
Finding unused cells or wires in module \rally_control..
Removed 0 unused cells and 6 unused wires.
<suppressed ~1 debug messages>

3.8.15. Executing OPT_EXPR pass (perform const folding).
Optimizing module rally_framer.
Optimizing module rally_control.

3.8.16. Rerunning OPT passes. (Maybe there is more to do..)

3.8.17. Executing OPT_MUXTREE pass (detect dead branches in mux trees).
Running muxtree optimizer on module \rally_framer..
  Creating internal representation of mux trees.
  Evaluating internal representation of mux trees.
  Analyzing evaluation results.
Running muxtree optimizer on module \rally_control..
  Creating internal representation of mux trees.
  Evaluating internal representation of mux trees.
  Analyzing evaluation results.
Removed 0 multiplexer ports.
<suppressed ~242 debug messages>

3.8.18. Executing OPT_REDUCE pass (consolidate $*mux and $reduce_* inputs).
  Optimizing cells in module \rally_framer.
  Optimizing cells in module \rally_control.
Performed a total of 0 changes.

3.8.19. Executing OPT_MERGE pass (detect identical cells).
Finding identical cells in module `\rally_framer'.
Computing hashes of 275 cells of `\rally_framer'.
Finding duplicate cells in `\rally_framer'.
Finding identical cells in module `\rally_control'.
Computing hashes of 16 cells of `\rally_control'.
Finding duplicate cells in `\rally_control'.
Removed a total of 0 cells.

3.8.20. Executing OPT_DFF pass (perform DFF optimizations).

3.8.21. Executing OPT_CLEAN pass (remove unused cells and wires).
Finding unused cells or wires in module \rally_framer..
Finding unused cells or wires in module \rally_control..

3.8.22. Executing OPT_EXPR pass (perform const folding).
Optimizing module rally_framer.
Optimizing module rally_control.

3.8.23. Finished fast OPT passes. (There is nothing left to do.)

3.9. Executing WREDUCE pass (reducing word size of cells).
Removed top 8 bits (of 80) from FF cell rally_framer.$auto$ff.cc:337:slice$1061 ($sdffe).
Removed top 2 bits (of 3) from port B of cell rally_framer.$auto$simple.cc:194:make_patterns_logic$1055 ($ne).
Removed top 5 bits (of 8) from mux cell rally_framer.$ternary$rtl/rally.sv:49$112 ($mux).
Removed top 5 bits (of 8) from mux cell rally_framer.$ternary$rtl/rally.sv:49$116 ($mux).
Removed top 5 bits (of 8) from mux cell rally_framer.$ternary$rtl/rally.sv:49$120 ($mux).
Removed top 5 bits (of 8) from mux cell rally_framer.$ternary$rtl/rally.sv:49$124 ($mux).
Removed top 5 bits (of 8) from mux cell rally_framer.$ternary$rtl/rally.sv:49$128 ($mux).
Removed top 5 bits (of 8) from mux cell rally_framer.$ternary$rtl/rally.sv:49$132 ($mux).
Removed top 5 bits (of 8) from mux cell rally_framer.$ternary$rtl/rally.sv:49$136 ($mux).
Removed top 5 bits (of 8) from mux cell rally_framer.$ternary$rtl/rally.sv:49$140 ($mux).
Removed top 5 bits (of 8) from mux cell rally_framer.$ternary$rtl/rally.sv:49$145 ($mux).
Removed top 5 bits (of 8) from mux cell rally_framer.$ternary$rtl/rally.sv:49$149 ($mux).
Removed top 5 bits (of 8) from mux cell rally_framer.$ternary$rtl/rally.sv:49$153 ($mux).
Removed top 5 bits (of 8) from mux cell rally_framer.$ternary$rtl/rally.sv:49$157 ($mux).
Removed top 5 bits (of 8) from mux cell rally_framer.$ternary$rtl/rally.sv:49$161 ($mux).
Removed top 5 bits (of 8) from mux cell rally_framer.$ternary$rtl/rally.sv:49$165 ($mux).
Removed top 5 bits (of 8) from mux cell rally_framer.$ternary$rtl/rally.sv:49$169 ($mux).
Removed top 5 bits (of 8) from mux cell rally_framer.$ternary$rtl/rally.sv:49$173 ($mux).
Removed top 5 bits (of 8) from mux cell rally_framer.$ternary$rtl/rally.sv:49$178 ($mux).
Removed top 5 bits (of 8) from mux cell rally_framer.$ternary$rtl/rally.sv:49$182 ($mux).
Removed top 5 bits (of 8) from mux cell rally_framer.$ternary$rtl/rally.sv:49$186 ($mux).
Removed top 5 bits (of 8) from mux cell rally_framer.$ternary$rtl/rally.sv:49$190 ($mux).
Removed top 5 bits (of 8) from mux cell rally_framer.$ternary$rtl/rally.sv:49$194 ($mux).
Removed top 5 bits (of 8) from mux cell rally_framer.$ternary$rtl/rally.sv:49$198 ($mux).
Removed top 5 bits (of 8) from mux cell rally_framer.$ternary$rtl/rally.sv:49$202 ($mux).
Removed top 5 bits (of 8) from mux cell rally_framer.$ternary$rtl/rally.sv:49$206 ($mux).
Removed top 5 bits (of 8) from mux cell rally_framer.$ternary$rtl/rally.sv:49$211 ($mux).
Removed top 5 bits (of 8) from mux cell rally_framer.$ternary$rtl/rally.sv:49$215 ($mux).
Removed top 5 bits (of 8) from mux cell rally_framer.$ternary$rtl/rally.sv:49$219 ($mux).
Removed top 5 bits (of 8) from mux cell rally_framer.$ternary$rtl/rally.sv:49$223 ($mux).
Removed top 5 bits (of 8) from mux cell rally_framer.$ternary$rtl/rally.sv:49$227 ($mux).
Removed top 5 bits (of 8) from mux cell rally_framer.$ternary$rtl/rally.sv:49$231 ($mux).
Removed top 5 bits (of 8) from mux cell rally_framer.$ternary$rtl/rally.sv:49$235 ($mux).
Removed top 5 bits (of 8) from mux cell rally_framer.$ternary$rtl/rally.sv:49$239 ($mux).
Removed top 5 bits (of 8) from mux cell rally_framer.$ternary$rtl/rally.sv:49$244 ($mux).
Removed top 5 bits (of 8) from mux cell rally_framer.$ternary$rtl/rally.sv:49$248 ($mux).
Removed top 5 bits (of 8) from mux cell rally_framer.$ternary$rtl/rally.sv:49$252 ($mux).
Removed top 5 bits (of 8) from mux cell rally_framer.$ternary$rtl/rally.sv:49$256 ($mux).
Removed top 5 bits (of 8) from mux cell rally_framer.$ternary$rtl/rally.sv:49$260 ($mux).
Removed top 5 bits (of 8) from mux cell rally_framer.$ternary$rtl/rally.sv:49$264 ($mux).
Removed top 5 bits (of 8) from mux cell rally_framer.$ternary$rtl/rally.sv:49$268 ($mux).
Removed top 5 bits (of 8) from mux cell rally_framer.$ternary$rtl/rally.sv:49$272 ($mux).
Removed top 5 bits (of 8) from mux cell rally_framer.$ternary$rtl/rally.sv:49$277 ($mux).
Removed top 5 bits (of 8) from mux cell rally_framer.$ternary$rtl/rally.sv:49$281 ($mux).
Removed top 5 bits (of 8) from mux cell rally_framer.$ternary$rtl/rally.sv:49$285 ($mux).
Removed top 5 bits (of 8) from mux cell rally_framer.$ternary$rtl/rally.sv:49$289 ($mux).
Removed top 5 bits (of 8) from mux cell rally_framer.$ternary$rtl/rally.sv:49$293 ($mux).
Removed top 5 bits (of 8) from mux cell rally_framer.$ternary$rtl/rally.sv:49$297 ($mux).
Removed top 5 bits (of 8) from mux cell rally_framer.$ternary$rtl/rally.sv:49$301 ($mux).
Removed top 5 bits (of 8) from mux cell rally_framer.$ternary$rtl/rally.sv:49$305 ($mux).
Removed top 5 bits (of 8) from mux cell rally_framer.$ternary$rtl/rally.sv:49$310 ($mux).
Removed top 5 bits (of 8) from mux cell rally_framer.$ternary$rtl/rally.sv:49$314 ($mux).
Removed top 5 bits (of 8) from mux cell rally_framer.$ternary$rtl/rally.sv:49$318 ($mux).
Removed top 5 bits (of 8) from mux cell rally_framer.$ternary$rtl/rally.sv:49$322 ($mux).
Removed top 5 bits (of 8) from mux cell rally_framer.$ternary$rtl/rally.sv:49$326 ($mux).
Removed top 5 bits (of 8) from mux cell rally_framer.$ternary$rtl/rally.sv:49$330 ($mux).
Removed top 5 bits (of 8) from mux cell rally_framer.$ternary$rtl/rally.sv:49$334 ($mux).
Removed top 5 bits (of 8) from mux cell rally_framer.$ternary$rtl/rally.sv:49$338 ($mux).
Removed top 5 bits (of 8) from mux cell rally_framer.$ternary$rtl/rally.sv:49$343 ($mux).
Removed top 5 bits (of 8) from mux cell rally_framer.$ternary$rtl/rally.sv:49$347 ($mux).
Removed top 5 bits (of 8) from mux cell rally_framer.$ternary$rtl/rally.sv:49$351 ($mux).
Removed top 5 bits (of 8) from mux cell rally_framer.$ternary$rtl/rally.sv:49$355 ($mux).
Removed top 5 bits (of 8) from mux cell rally_framer.$ternary$rtl/rally.sv:49$359 ($mux).
Removed top 5 bits (of 8) from mux cell rally_framer.$ternary$rtl/rally.sv:49$363 ($mux).
Removed top 5 bits (of 8) from mux cell rally_framer.$ternary$rtl/rally.sv:49$367 ($mux).
Removed top 5 bits (of 8) from mux cell rally_framer.$ternary$rtl/rally.sv:49$371 ($mux).
Removed top 5 bits (of 8) from mux cell rally_framer.$ternary$rtl/rally.sv:49$376 ($mux).
Removed top 5 bits (of 8) from mux cell rally_framer.$ternary$rtl/rally.sv:49$380 ($mux).
Removed top 5 bits (of 8) from mux cell rally_framer.$ternary$rtl/rally.sv:49$384 ($mux).
Removed top 5 bits (of 8) from mux cell rally_framer.$ternary$rtl/rally.sv:49$388 ($mux).
Removed top 5 bits (of 8) from mux cell rally_framer.$ternary$rtl/rally.sv:49$392 ($mux).
Removed top 5 bits (of 8) from mux cell rally_framer.$ternary$rtl/rally.sv:49$396 ($mux).
Removed top 5 bits (of 8) from mux cell rally_framer.$ternary$rtl/rally.sv:49$400 ($mux).
Removed top 5 bits (of 8) from mux cell rally_framer.$ternary$rtl/rally.sv:49$404 ($mux).
Removed top 5 bits (of 8) from mux cell rally_framer.$ternary$rtl/rally.sv:49$475 ($mux).
Removed top 5 bits (of 8) from mux cell rally_framer.$ternary$rtl/rally.sv:49$479 ($mux).
Removed top 5 bits (of 8) from mux cell rally_framer.$ternary$rtl/rally.sv:49$483 ($mux).
Removed top 5 bits (of 8) from mux cell rally_framer.$ternary$rtl/rally.sv:49$487 ($mux).
Removed top 5 bits (of 8) from mux cell rally_framer.$ternary$rtl/rally.sv:49$491 ($mux).
Removed top 5 bits (of 8) from mux cell rally_framer.$ternary$rtl/rally.sv:49$495 ($mux).
Removed top 5 bits (of 8) from mux cell rally_framer.$ternary$rtl/rally.sv:49$499 ($mux).
Removed top 5 bits (of 8) from mux cell rally_framer.$ternary$rtl/rally.sv:49$503 ($mux).
Removed top 5 bits (of 8) from mux cell rally_framer.$ternary$rtl/rally.sv:49$508 ($mux).
Removed top 5 bits (of 8) from mux cell rally_framer.$ternary$rtl/rally.sv:49$512 ($mux).
Removed top 5 bits (of 8) from mux cell rally_framer.$ternary$rtl/rally.sv:49$516 ($mux).
Removed top 5 bits (of 8) from mux cell rally_framer.$ternary$rtl/rally.sv:49$520 ($mux).
Removed top 5 bits (of 8) from mux cell rally_framer.$ternary$rtl/rally.sv:49$524 ($mux).
Removed top 5 bits (of 8) from mux cell rally_framer.$ternary$rtl/rally.sv:49$528 ($mux).
Removed top 5 bits (of 8) from mux cell rally_framer.$ternary$rtl/rally.sv:49$532 ($mux).
Removed top 5 bits (of 8) from mux cell rally_framer.$ternary$rtl/rally.sv:49$536 ($mux).
Removed top 5 bits (of 8) from mux cell rally_framer.$ternary$rtl/rally.sv:49$541 ($mux).
Removed top 5 bits (of 8) from mux cell rally_framer.$ternary$rtl/rally.sv:49$545 ($mux).
Removed top 5 bits (of 8) from mux cell rally_framer.$ternary$rtl/rally.sv:49$549 ($mux).
Removed top 5 bits (of 8) from mux cell rally_framer.$ternary$rtl/rally.sv:49$553 ($mux).
Removed top 5 bits (of 8) from mux cell rally_framer.$ternary$rtl/rally.sv:49$557 ($mux).
Removed top 5 bits (of 8) from mux cell rally_framer.$ternary$rtl/rally.sv:49$561 ($mux).
Removed top 5 bits (of 8) from mux cell rally_framer.$ternary$rtl/rally.sv:49$565 ($mux).
Removed top 5 bits (of 8) from mux cell rally_framer.$ternary$rtl/rally.sv:49$569 ($mux).
Removed top 5 bits (of 8) from mux cell rally_framer.$ternary$rtl/rally.sv:49$574 ($mux).
Removed top 5 bits (of 8) from mux cell rally_framer.$ternary$rtl/rally.sv:49$578 ($mux).
Removed top 5 bits (of 8) from mux cell rally_framer.$ternary$rtl/rally.sv:49$582 ($mux).
Removed top 5 bits (of 8) from mux cell rally_framer.$ternary$rtl/rally.sv:49$586 ($mux).
Removed top 5 bits (of 8) from mux cell rally_framer.$ternary$rtl/rally.sv:49$590 ($mux).
Removed top 5 bits (of 8) from mux cell rally_framer.$ternary$rtl/rally.sv:49$594 ($mux).
Removed top 5 bits (of 8) from mux cell rally_framer.$ternary$rtl/rally.sv:49$598 ($mux).
Removed top 5 bits (of 8) from mux cell rally_framer.$ternary$rtl/rally.sv:49$602 ($mux).
Removed top 2 bits (of 3) from port B of cell rally_framer.$eq$rtl/rally.sv:75$604 ($eq).
Removed top 28 bits (of 32) from port B of cell rally_framer.$lt$rtl/rally.sv:81$606 ($lt).
Removed top 28 bits (of 32) from port B of cell rally_framer.$ge$rtl/rally.sv:82$608 ($ge).
Removed top 12 bits (of 32) from port B of cell rally_framer.$ge$rtl/rally.sv:87$613 ($ge).
Removed top 8 bits (of 80) from mux cell rally_framer.$procmux$731 ($mux).
Removed top 8 bits (of 80) from mux cell rally_framer.$procmux$726 ($mux).
Removed top 8 bits (of 80) from mux cell rally_framer.$procmux$729 ($mux).
Removed top 8 bits (of 80) from wire rally_framer.$procmux$726_Y.
Removed top 8 bits (of 80) from wire rally_framer.$procmux$729_Y.
Removed top 8 bits (of 80) from wire rally_framer.$procmux$731_Y.
Removed top 16 bits (of 48) from wire rally_framer.body.
Removed top 8 bits (of 80) from wire rally_framer.window.
Converting cell rally_control.$sub$rtl/rally.sv:11$5 ($sub) from signed to unsigned.
Removed top 1 bits (of 17) from port A of cell rally_control.$sub$rtl/rally.sv:11$5 ($sub).
Removed top 1 bits (of 17) from port B of cell rally_control.$sub$rtl/rally.sv:11$5 ($sub).
Removed top 6 bits (of 16) from port B of cell rally_control.$gt$rtl/rally.sv:12$7 ($gt).
Removed top 6 bits (of 16) from port B of cell rally_control.$gt$rtl/rally.sv:12$8 ($gt).
Removed top 12 bits (of 17) from port B of cell rally_control.$gt$rtl/rally.sv:15$12 ($gt).
Removed top 13 bits (of 17) from port B of cell rally_control.$lt$rtl/rally.sv:16$13 ($lt).
Removed top 14 bits (of 17) from port B of cell rally_control.$gt$rtl/rally.sv:17$14 ($gt).
Removed top 15 bits (of 17) from port B of cell rally_control.$lt$rtl/rally.sv:17$15 ($lt).

3.10. Executing PEEPOPT pass (run peephole optimizers).

3.11. Executing OPT_CLEAN pass (remove unused cells and wires).
Finding unused cells or wires in module \rally_framer..
Finding unused cells or wires in module \rally_control..
Removed 0 unused cells and 96 unused wires.
<suppressed ~1 debug messages>

3.12. Executing ALUMACC pass (create $alu and $macc cells).
Extracting $alu and $macc cells in module rally_framer:
  creating $macc model for $sub$rtl/rally.sv:76$605 ($sub).
  creating $macc model for $add$rtl/rally.sv:81$607 ($add).
  creating $macc model for $add$rtl/rally.sv:89$614 ($add).
  creating $alu model for $macc $add$rtl/rally.sv:89$614.
  creating $alu model for $macc $add$rtl/rally.sv:81$607.
  creating $alu model for $macc $sub$rtl/rally.sv:76$605.
  creating $alu model for $lt$rtl/rally.sv:81$606 ($lt): new $alu
  creating $alu model for $ge$rtl/rally.sv:82$608 ($ge): new $alu
  creating $alu model for $ge$rtl/rally.sv:87$613 ($ge): new $alu
  creating $alu model for $eq$rtl/rally.sv:75$604 ($eq): merged with $sub$rtl/rally.sv:76$605.
  creating $alu cell for $ge$rtl/rally.sv:87$613: $auto$alumacc.cc:548:replace_alu$1076
  creating $alu cell for $ge$rtl/rally.sv:82$608: $auto$alumacc.cc:548:replace_alu$1089
  creating $alu cell for $lt$rtl/rally.sv:81$606: $auto$alumacc.cc:548:replace_alu$1102
  creating $alu cell for $sub$rtl/rally.sv:76$605, $eq$rtl/rally.sv:75$604: $auto$alumacc.cc:548:replace_alu$1107
  creating $alu cell for $add$rtl/rally.sv:81$607: $auto$alumacc.cc:548:replace_alu$1112
  creating $alu cell for $add$rtl/rally.sv:89$614: $auto$alumacc.cc:548:replace_alu$1115
  created 6 $alu and 0 $macc cells.
Extracting $alu and $macc cells in module rally_control:
  creating $macc model for $sub$rtl/rally.sv:11$5 ($sub).
  creating $alu model for $macc $sub$rtl/rally.sv:11$5.
  creating $alu model for $lt$rtl/rally.sv:17$15 ($lt): new $alu
  creating $alu model for $gt$rtl/rally.sv:17$14 ($gt): new $alu
  creating $alu model for $lt$rtl/rally.sv:16$13 ($lt): new $alu
  creating $alu model for $gt$rtl/rally.sv:15$12 ($gt): new $alu
  creating $alu model for $gt$rtl/rally.sv:12$8 ($gt): new $alu
  creating $alu model for $gt$rtl/rally.sv:12$7 ($gt): new $alu
  creating $alu cell for $gt$rtl/rally.sv:12$7: $auto$alumacc.cc:548:replace_alu$1124
  creating $alu cell for $gt$rtl/rally.sv:12$8: $auto$alumacc.cc:548:replace_alu$1135
  creating $alu cell for $gt$rtl/rally.sv:15$12: $auto$alumacc.cc:548:replace_alu$1146
  creating $alu cell for $lt$rtl/rally.sv:16$13: $auto$alumacc.cc:548:replace_alu$1159
  creating $alu cell for $gt$rtl/rally.sv:17$14: $auto$alumacc.cc:548:replace_alu$1166
  creating $alu cell for $lt$rtl/rally.sv:17$15: $auto$alumacc.cc:548:replace_alu$1179
  creating $alu cell for $sub$rtl/rally.sv:11$5: $auto$alumacc.cc:548:replace_alu$1186
  created 7 $alu and 0 $macc cells.

3.13. Executing SHARE pass (SAT-based resource sharing).

3.14. Executing OPT pass (performing simple optimizations).

3.14.1. Executing OPT_EXPR pass (perform const folding).
Optimizing module rally_framer.
<suppressed ~1 debug messages>
Optimizing module rally_control.
<suppressed ~1 debug messages>

3.14.2. Executing OPT_MERGE pass (detect identical cells).
Finding identical cells in module `\rally_framer'.
Computing hashes of 286 cells of `\rally_framer'.
Finding duplicate cells in `\rally_framer'.
Finding identical cells in module `\rally_control'.
Computing hashes of 38 cells of `\rally_control'.
Finding duplicate cells in `\rally_control'.
Removed a total of 0 cells.

3.14.3. Executing OPT_MUXTREE pass (detect dead branches in mux trees).
Running muxtree optimizer on module \rally_framer..
  Creating internal representation of mux trees.
  Evaluating internal representation of mux trees.
  Analyzing evaluation results.
Running muxtree optimizer on module \rally_control..
  Creating internal representation of mux trees.
  Evaluating internal representation of mux trees.
  Analyzing evaluation results.
Removed 0 multiplexer ports.
<suppressed ~242 debug messages>

3.14.4. Executing OPT_REDUCE pass (consolidate $*mux and $reduce_* inputs).
  Optimizing cells in module \rally_framer.
  Optimizing cells in module \rally_control.
Performed a total of 0 changes.

3.14.5. Executing OPT_MERGE pass (detect identical cells).
Finding identical cells in module `\rally_framer'.
Computing hashes of 286 cells of `\rally_framer'.
Finding duplicate cells in `\rally_framer'.
Finding identical cells in module `\rally_control'.
Computing hashes of 38 cells of `\rally_control'.
Finding duplicate cells in `\rally_control'.
Removed a total of 0 cells.

3.14.6. Executing OPT_DFF pass (perform DFF optimizations).

3.14.7. Executing OPT_CLEAN pass (remove unused cells and wires).
Finding unused cells or wires in module \rally_framer..
Finding unused cells or wires in module \rally_control..
Removed 1 unused cells and 11 unused wires.
<suppressed ~3 debug messages>

3.14.8. Executing OPT_EXPR pass (perform const folding).
Optimizing module rally_framer.
Optimizing module rally_control.

3.14.9. Rerunning OPT passes. (Maybe there is more to do..)

3.14.10. Executing OPT_MUXTREE pass (detect dead branches in mux trees).
Running muxtree optimizer on module \rally_framer..
  Creating internal representation of mux trees.
  Evaluating internal representation of mux trees.
  Analyzing evaluation results.
Running muxtree optimizer on module \rally_control..
  Creating internal representation of mux trees.
  Evaluating internal representation of mux trees.
  Analyzing evaluation results.
Removed 0 multiplexer ports.
<suppressed ~242 debug messages>

3.14.11. Executing OPT_REDUCE pass (consolidate $*mux and $reduce_* inputs).
  Optimizing cells in module \rally_framer.
  Optimizing cells in module \rally_control.
Performed a total of 0 changes.

3.14.12. Executing OPT_MERGE pass (detect identical cells).
Finding identical cells in module `\rally_framer'.
Computing hashes of 286 cells of `\rally_framer'.
Finding duplicate cells in `\rally_framer'.
Finding identical cells in module `\rally_control'.
Computing hashes of 37 cells of `\rally_control'.
Finding duplicate cells in `\rally_control'.
Removed a total of 0 cells.

3.14.13. Executing OPT_DFF pass (perform DFF optimizations).

3.14.14. Executing OPT_CLEAN pass (remove unused cells and wires).
Finding unused cells or wires in module \rally_framer..
Finding unused cells or wires in module \rally_control..

3.14.15. Executing OPT_EXPR pass (perform const folding).
Optimizing module rally_framer.
Optimizing module rally_control.

3.14.16. Finished fast OPT passes. (There is nothing left to do.)

3.15. Executing MEMORY pass.

3.15.1. Executing OPT_MEM pass (optimize memories).
Performed a total of 0 transformations.

3.15.2. Executing OPT_MEM_PRIORITY pass (removing unnecessary memory write priority relations).
Performed a total of 0 transformations.

3.15.3. Executing OPT_MEM_FEEDBACK pass (finding memory read-to-write feedback paths).

3.15.4. Executing MEMORY_BMUX2ROM pass (converting muxes to ROMs).

3.15.5. Executing MEMORY_DFF pass (merging $dff cells to $memrd).

3.15.6. Executing OPT_CLEAN pass (remove unused cells and wires).
Finding unused cells or wires in module \rally_framer..
Finding unused cells or wires in module \rally_control..

3.15.7. Executing MEMORY_SHARE pass (consolidating $memrd/$memwr cells).

3.15.8. Executing OPT_MEM_WIDEN pass (optimize memories where all ports are wide).
Performed a total of 0 transformations.

3.15.9. Executing OPT_CLEAN pass (remove unused cells and wires).
Finding unused cells or wires in module \rally_framer..
Finding unused cells or wires in module \rally_control..

3.15.10. Executing MEMORY_COLLECT pass (generating $mem cells).

3.16. Executing OPT_CLEAN pass (remove unused cells and wires).
Finding unused cells or wires in module \rally_framer..
Finding unused cells or wires in module \rally_control..

3.17. Executing OPT pass (performing simple optimizations).

3.17.1. Executing OPT_EXPR pass (perform const folding).
Optimizing module rally_framer.
<suppressed ~639 debug messages>
Optimizing module rally_control.
<suppressed ~4 debug messages>

3.17.2. Executing OPT_MERGE pass (detect identical cells).
Finding identical cells in module `\rally_framer'.
Computing hashes of 275 cells of `\rally_framer'.
Finding duplicate cells in `\rally_framer'.
Finding identical cells in module `\rally_control'.
Computing hashes of 45 cells of `\rally_control'.
Finding duplicate cells in `\rally_control'.
Computing hashes of 40 cells of `\rally_control'.
Finding duplicate cells in `\rally_control'.
<suppressed ~15 debug messages>
Removed a total of 5 cells.

3.17.3. Executing OPT_DFF pass (perform DFF optimizations).

3.17.4. Executing OPT_CLEAN pass (remove unused cells and wires).
Finding unused cells or wires in module \rally_framer..
Finding unused cells or wires in module \rally_control..
Removed 1 unused cells and 229 unused wires.
<suppressed ~3 debug messages>

3.17.5. Finished fast OPT passes.

3.18. Executing MEMORY_MAP pass (converting memories to logic and flip-flops).

3.19. Executing OPT pass (performing simple optimizations).

3.19.1. Executing OPT_EXPR pass (perform const folding).
Optimizing module rally_framer.
Optimizing module rally_control.

3.19.2. Executing OPT_MERGE pass (detect identical cells).
Finding identical cells in module `\rally_framer'.
Computing hashes of 274 cells of `\rally_framer'.
Finding duplicate cells in `\rally_framer'.
Finding identical cells in module `\rally_control'.
Computing hashes of 40 cells of `\rally_control'.
Finding duplicate cells in `\rally_control'.
Removed a total of 0 cells.

3.19.3. Executing OPT_MUXTREE pass (detect dead branches in mux trees).
Running muxtree optimizer on module \rally_framer..
  Creating internal representation of mux trees.
  Evaluating internal representation of mux trees.
  Analyzing evaluation results.
Running muxtree optimizer on module \rally_control..
  Creating internal representation of mux trees.
  Evaluating internal representation of mux trees.
  Analyzing evaluation results.
Removed 0 multiplexer ports.
<suppressed ~228 debug messages>

3.19.4. Executing OPT_REDUCE pass (consolidate $*mux and $reduce_* inputs).
  Optimizing cells in module \rally_framer.
  Optimizing cells in module \rally_control.
Performed a total of 0 changes.

3.19.5. Executing OPT_MERGE pass (detect identical cells).
Finding identical cells in module `\rally_framer'.
Computing hashes of 274 cells of `\rally_framer'.
Finding duplicate cells in `\rally_framer'.
Finding identical cells in module `\rally_control'.
Computing hashes of 40 cells of `\rally_control'.
Finding duplicate cells in `\rally_control'.
Removed a total of 0 cells.

3.19.6. Executing OPT_SHARE pass.

3.19.7. Executing OPT_DFF pass (perform DFF optimizations).

3.19.8. Executing OPT_CLEAN pass (remove unused cells and wires).
Finding unused cells or wires in module \rally_framer..
Finding unused cells or wires in module \rally_control..

3.19.9. Executing OPT_EXPR pass (perform const folding).
Optimizing module rally_framer.
Optimizing module rally_control.

3.19.10. Finished fast OPT passes. (There is nothing left to do.)

3.20. Executing TECHMAP pass (map to technology primitives).

3.20.1. Executing Verilog-2005 frontend: /share/techmap.v
Parsing Verilog input from `/share/techmap.v' to AST representation.
Generating RTLIL representation for module `\_90_simplemap_bool_ops'.
Generating RTLIL representation for module `\_90_simplemap_reduce_ops'.
Generating RTLIL representation for module `\_90_simplemap_logic_ops'.
Generating RTLIL representation for module `\_90_simplemap_compare_ops'.
Generating RTLIL representation for module `\_90_simplemap_various'.
Generating RTLIL representation for module `\_90_simplemap_registers'.
Generating RTLIL representation for module `\_90_shift_ops_shr_shl_sshl_sshr'.
Generating RTLIL representation for module `\_90_shift_shiftx'.
Generating RTLIL representation for module `\_90_fa'.
Generating RTLIL representation for module `\_90_lcu_brent_kung'.
Generating RTLIL representation for module `\_90_alu'.
Generating RTLIL representation for module `\_90_macc'.
Generating RTLIL representation for module `\_90_alumacc'.
Generating RTLIL representation for module `$__div_mod_u'.
Generating RTLIL representation for module `$__div_mod_trunc'.
Generating RTLIL representation for module `\_90_div'.
Generating RTLIL representation for module `\_90_mod'.
Generating RTLIL representation for module `$__div_mod_floor'.
Generating RTLIL representation for module `\_90_divfloor'.
Generating RTLIL representation for module `\_90_modfloor'.
Generating RTLIL representation for module `\_90_pow'.
Generating RTLIL representation for module `\_90_demux'.
Generating RTLIL representation for module `\_90_lut'.
Generating RTLIL representation for module `$connect'.
Generating RTLIL representation for module `$input_port'.
Successfully finished Verilog frontend.

3.20.2. Continuing TECHMAP pass.
Using extmapper simplemap for cells of type $not.
Using template $paramod$081ba1a4a7201ecdb44563d3c3bd7013d1ebf4eb\_90_alu for cells of type $alu.
Using extmapper simplemap for cells of type $xor.
Using template $paramod$429c93e47c5a4d08465bbdfc2e30616b1cf8323e\_90_alu for cells of type $alu.
Using extmapper simplemap for cells of type $or.
Using extmapper simplemap for cells of type $reduce_and.
Using template $paramod$671ef65ffb87ed7afa3c013075cd7c452d33c3fd\_90_alu for cells of type $alu.
Using template $paramod$24f91aaf028eb8c435bc4a8bafae39a8f371e628\_90_alu for cells of type $alu.
Using template $paramod$01a35bcea110eda490506f19cc51a34087d4e602\_90_alu for cells of type $alu.
Using template $paramod$b1f4188eff752b8d0cb539239f972fa4c4d4c520\_90_alu for cells of type $alu.
Using extmapper simplemap for cells of type $logic_not.
Using extmapper simplemap for cells of type $logic_or.
Using extmapper simplemap for cells of type $reduce_or.
Using extmapper simplemap for cells of type $mux.
Using extmapper simplemap for cells of type $pos.
Using template $paramod\_90_fa\WIDTH=32'00000000000000000000000000010000 for cells of type $fa.
Using template $paramod\_90_lcu_brent_kung\WIDTH=32'00000000000000000000000000010000 for cells of type $lcu.
Using template $paramod\_90_fa\WIDTH=32'00000000000000000000000000001110 for cells of type $fa.
Using template $paramod\_90_lcu_brent_kung\WIDTH=32'00000000000000000000000000001110 for cells of type $lcu.
Using template $paramod\_90_fa\WIDTH=32'00000000000000000000000000010001 for cells of type $fa.
Using template $paramod\_90_lcu_brent_kung\WIDTH=32'00000000000000000000000000010001 for cells of type $lcu.
Using extmapper simplemap for cells of type $and.
Using template $paramod$ce0ec84be7047712840b0952f343ee9e63ef75d1\_90_alu for cells of type $alu.
Using template $paramod$32a7b7b86c07519b7537abc18e96f0331f97914d\_90_alu for cells of type $alu.
Using template $paramod$b8c0a997bce700f23568a5ada79cc6781d1f5ca0\_90_alu for cells of type $alu.
Using template $paramod$78e969f2586efcf3a5b0b0440bcca0db83d5cca2\_90_alu for cells of type $alu.
Using template $paramod$740b056ede97228d3eae64ea2fdc81f0a33e0fe7\_90_alu for cells of type $alu.
Using template $paramod$6fc37af1c109ae54e8aed83fcd995c12d378ce93\_90_alu for cells of type $alu.
Using extmapper simplemap for cells of type $reduce_bool.
Using extmapper simplemap for cells of type $sdffe.
Using extmapper simplemap for cells of type $ne.
Using extmapper simplemap for cells of type $sdff.
Using extmapper simplemap for cells of type $eq.
Using extmapper simplemap for cells of type $logic_and.
Using template $paramod\_90_fa\WIDTH=32'00000000000000000000000000010100 for cells of type $fa.
Using template $paramod\_90_lcu_brent_kung\WIDTH=32'00000000000000000000000000010100 for cells of type $lcu.
Using template $paramod\_90_fa\WIDTH=32'00000000000000000000000000000100 for cells of type $fa.
Using template $paramod\_90_lcu_brent_kung\WIDTH=32'00000000000000000000000000000100 for cells of type $lcu.
Using template $paramod\_90_fa\WIDTH=32'00000000000000000000000000000011 for cells of type $fa.
Using template $paramod\_90_lcu_brent_kung\WIDTH=32'00000000000000000000000000000011 for cells of type $lcu.
No more expansions possible.
<suppressed ~2023 debug messages>

3.21. Executing OPT pass (performing simple optimizations).

3.21.1. Executing OPT_EXPR pass (perform const folding).
Optimizing module rally_framer.
<suppressed ~593 debug messages>
Optimizing module rally_control.
<suppressed ~865 debug messages>

3.21.2. Executing OPT_MERGE pass (detect identical cells).
Finding identical cells in module `\rally_framer'.
Computing hashes of 1194 cells of `\rally_framer'.
Finding duplicate cells in `\rally_framer'.
Computing hashes of 1148 cells of `\rally_framer'.
Finding duplicate cells in `\rally_framer'.
Computing hashes of 1139 cells of `\rally_framer'.
Finding duplicate cells in `\rally_framer'.
Computing hashes of 1133 cells of `\rally_framer'.
Finding duplicate cells in `\rally_framer'.
Computing hashes of 1132 cells of `\rally_framer'.
Finding duplicate cells in `\rally_framer'.
<suppressed ~186 debug messages>
Finding identical cells in module `\rally_control'.
Computing hashes of 628 cells of `\rally_control'.
Finding duplicate cells in `\rally_control'.
Computing hashes of 572 cells of `\rally_control'.
Finding duplicate cells in `\rally_control'.
Computing hashes of 548 cells of `\rally_control'.
Finding duplicate cells in `\rally_control'.
Computing hashes of 537 cells of `\rally_control'.
Finding duplicate cells in `\rally_control'.
Computing hashes of 535 cells of `\rally_control'.
Finding duplicate cells in `\rally_control'.
<suppressed ~279 debug messages>
Removed a total of 155 cells.

3.21.3. Executing OPT_DFF pass (perform DFF optimizations).

3.21.4. Executing OPT_CLEAN pass (remove unused cells and wires).
Finding unused cells or wires in module \rally_framer..
Finding unused cells or wires in module \rally_control..
Removed 216 unused cells and 951 unused wires.
<suppressed ~218 debug messages>

3.21.5. Finished fast OPT passes.

3.22. Executing ABC pass (technology mapping using ABC).

3.22.1. Extracting gate netlist of module `\rally_framer' to `<abc-temp-dir>/input.blif'..
