
-- Running command `read_verilog -sv rtl/rally.sv rtl/uart.sv; synth -top uart_rx; check -assert; stat' --

1. Executing Verilog-2005 frontend: rtl/rally.sv
Parsing SystemVerilog input from `rtl/rally.sv' to AST representation.
Generating RTLIL representation for module `\rally_control'.
Generating RTLIL representation for module `\rally_framer'.
Successfully finished Verilog frontend.

2. Executing Verilog-2005 frontend: rtl/uart.sv
Parsing SystemVerilog input from `rtl/uart.sv' to AST representation.
Generating RTLIL representation for module `\uart_rx'.
Generating RTLIL representation for module `\uart_tx'.
Successfully finished Verilog frontend.

3. Executing SYNTH pass.

3.1. Executing HIERARCHY pass (managing design hierarchy).

3.1.1. Analyzing design hierarchy..
Top module:  \uart_rx

3.1.2. Analyzing design hierarchy..
Top module:  \uart_rx
Removing unused module `\uart_tx'.
Removing unused module `\rally_framer'.
Removing unused module `\rally_control'.
Removed 3 unused modules.

3.2. Executing PROC pass (convert processes to netlists).

3.2.1. Executing PROC_CLEAN pass (remove empty switches from decision trees).
Cleaned up 0 empty switches.

3.2.2. Executing PROC_RMDEAD pass (remove dead branches from decision trees).
Marked 8 switch rules as full_case in process $proc$rtl/uart.sv:21$618 in module uart_rx.
Marked 1 switch rules as full_case in process $proc$rtl/uart.sv:17$616 in module uart_rx.
Removed a total of 0 dead cases.

3.2.3. Executing PROC_PRUNE pass (remove redundant assignments in processes).
Removed 4 redundant assignments.
Promoted 3 assignments to connections.

3.2.4. Executing PROC_INIT pass (extract init attributes).

3.2.5. Executing PROC_ARST pass (detect async resets in processes).

3.2.6. Executing PROC_ROM pass (convert switches to ROMs).
Converted 0 switches.
<suppressed ~11 debug messages>

3.2.7. Executing PROC_MUX pass (convert decision trees to multiplexers).
Creating decoders for process `\uart_rx.$proc$rtl/uart.sv:21$618'.
     1/12: $3$lookahead\shift$617[7:0]$630
     2/12: $3$bitselwrite$pos$rtl/uart.sv:34$615[2:0]$629
     3/12: $2$lookahead\shift$617[7:0]$624
     4/12: $2$bitselwrite$pos$rtl/uart.sv:34$615[2:0]$623
     5/12: $0\framing_error[0:0]
     6/12: $0\valid[0:0]
     7/12: $1$lookahead\shift$617[7:0]$622
     8/12: $1$bitselwrite$pos$rtl/uart.sv:34$615[2:0]$621
     9/12: $0\state[2:0]
    10/12: $0\bit_index[2:0]
    11/12: $0\timer[9:0]
    12/12: $0\data[7:0]
Creating decoders for process `\uart_rx.$proc$rtl/uart.sv:17$616'.
     1/2: $0\rx_sync[0:0]
     2/2: $0\rx_meta[0:0]

3.2.8. Executing PROC_DLATCH pass (convert process syncs to latches).

3.2.9. Executing PROC_DFF pass (convert process syncs to FFs).
Creating register for signal `\uart_rx.\valid' using process `\uart_rx.$proc$rtl/uart.sv:21$618'.
  created $dff cell `$procdff$815' with positive edge clock.
Creating register for signal `\uart_rx.\data' using process `\uart_rx.$proc$rtl/uart.sv:21$618'.
  created $dff cell `$procdff$816' with positive edge clock.
Creating register for signal `\uart_rx.\framing_error' using process `\uart_rx.$proc$rtl/uart.sv:21$618'.
  created $dff cell `$procdff$817' with positive edge clock.
Creating register for signal `\uart_rx.\timer' using process `\uart_rx.$proc$rtl/uart.sv:21$618'.
  created $dff cell `$procdff$818' with positive edge clock.
Creating register for signal `\uart_rx.\bit_index' using process `\uart_rx.$proc$rtl/uart.sv:21$618'.
  created $dff cell `$procdff$819' with positive edge clock.
Creating register for signal `\uart_rx.\shift' using process `\uart_rx.$proc$rtl/uart.sv:21$618'.
  created $dff cell `$procdff$820' with positive edge clock.
Creating register for signal `\uart_rx.\state' using process `\uart_rx.$proc$rtl/uart.sv:21$618'.
  created $dff cell `$procdff$821' with positive edge clock.
Creating register for signal `\uart_rx.$bitselwrite$pos$rtl/uart.sv:34$615' using process `\uart_rx.$proc$rtl/uart.sv:21$618'.
  created $dff cell `$procdff$822' with positive edge clock.
Creating register for signal `\uart_rx.$lookahead\shift$617' using process `\uart_rx.$proc$rtl/uart.sv:21$618'.
  created $dff cell `$procdff$823' with positive edge clock.
Creating register for signal `\uart_rx.\rx_meta' using process `\uart_rx.$proc$rtl/uart.sv:17$616'.
  created $dff cell `$procdff$824' with positive edge clock.
Creating register for signal `\uart_rx.\rx_sync' using process `\uart_rx.$proc$rtl/uart.sv:17$616'.
  created $dff cell `$procdff$825' with positive edge clock.

3.2.10. Executing PROC_MEMWR pass (convert process memory writes to cells).

3.2.11. Executing PROC_CLEAN pass (remove empty switches from decision trees).
Found and cleaned up 10 empty switches in `\uart_rx.$proc$rtl/uart.sv:21$618'.
Removing empty process `uart_rx.$proc$rtl/uart.sv:21$618'.
Found and cleaned up 1 empty switch in `\uart_rx.$proc$rtl/uart.sv:17$616'.
Removing empty process `uart_rx.$proc$rtl/uart.sv:17$616'.
Cleaned up 11 empty switches.

3.2.12. Executing OPT_EXPR pass (perform const folding).
Optimizing module uart_rx.
<suppressed ~7 debug messages>

3.3. Executing OPT_EXPR pass (perform const folding).
Optimizing module uart_rx.

3.4. Executing OPT_CLEAN pass (remove unused cells and wires).
Finding unused cells or wires in module \uart_rx..
Removed 11 unused cells and 67 unused wires.
<suppressed ~12 debug messages>

3.5. Executing CHECK pass (checking for obvious problems).
Checking module uart_rx...
Found and reported 0 problems.

3.6. Executing OPT pass (performing simple optimizations).

3.6.1. Executing OPT_EXPR pass (perform const folding).
Optimizing module uart_rx.

3.6.2. Executing OPT_MERGE pass (detect identical cells).
Finding identical cells in module `\uart_rx'.
Computing hashes of 83 cells of `\uart_rx'.
Finding duplicate cells in `\uart_rx'.
Computing hashes of 67 cells of `\uart_rx'.
Finding duplicate cells in `\uart_rx'.
<suppressed ~48 debug messages>
Removed a total of 16 cells.

3.6.3. Executing OPT_MUXTREE pass (detect dead branches in mux trees).
Running muxtree optimizer on module \uart_rx..
  Creating internal representation of mux trees.
  Evaluating internal representation of mux trees.
  Analyzing evaluation results.
    dead port 1/2 on $mux $procmux$677.
    dead port 1/2 on $mux $procmux$658.
    dead port 2/2 on $mux $procmux$655.
Removed 3 multiplexer ports.
<suppressed ~52 debug messages>

3.6.4. Executing OPT_REDUCE pass (consolidate $*mux and $reduce_* inputs).
  Optimizing cells in module \uart_rx.
Performed a total of 0 changes.

3.6.5. Executing OPT_MERGE pass (detect identical cells).
Finding identical cells in module `\uart_rx'.
Computing hashes of 64 cells of `\uart_rx'.
Finding duplicate cells in `\uart_rx'.
Removed a total of 0 cells.

3.6.6. Executing OPT_DFF pass (perform DFF optimizations).

3.6.7. Executing OPT_CLEAN pass (remove unused cells and wires).
Finding unused cells or wires in module \uart_rx..
Removed 0 unused cells and 19 unused wires.
<suppressed ~1 debug messages>

3.6.8. Executing OPT_EXPR pass (perform const folding).
Optimizing module uart_rx.

3.6.9. Rerunning OPT passes. (Maybe there is more to do..)

3.6.10. Executing OPT_MUXTREE pass (detect dead branches in mux trees).
Running muxtree optimizer on module \uart_rx..
  Creating internal representation of mux trees.
  Evaluating internal representation of mux trees.
  Analyzing evaluation results.
Removed 0 multiplexer ports.
<suppressed ~49 debug messages>

3.6.11. Executing OPT_REDUCE pass (consolidate $*mux and $reduce_* inputs).
  Optimizing cells in module \uart_rx.
Performed a total of 0 changes.

3.6.12. Executing OPT_MERGE pass (detect identical cells).
Finding identical cells in module `\uart_rx'.
Computing hashes of 64 cells of `\uart_rx'.
Finding duplicate cells in `\uart_rx'.
Removed a total of 0 cells.

3.6.13. Executing OPT_DFF pass (perform DFF optimizations).

3.6.14. Executing OPT_CLEAN pass (remove unused cells and wires).
Finding unused cells or wires in module \uart_rx..

3.6.15. Executing OPT_EXPR pass (perform const folding).
Optimizing module uart_rx.

3.6.16. Finished fast OPT passes. (There is nothing left to do.)

3.7. Executing FSM pass (extract and optimize FSM).

3.7.1. Executing FSM_DETECT pass (finding FSMs in design).
Found FSM state register uart_rx.state.

3.7.2. Executing FSM_EXTRACT pass (extracting FSM from design).
Extracting FSM `\state' from module `\uart_rx'.
  found $dff cell for state register: $procdff$821
  root of input selection tree: $0\state[2:0]
  found reset state: 3'000 (guessed from mux tree)
  found ctrl input: \rst
  found ctrl input: $procmux$723_CMP
  found ctrl input: $procmux$696_CMP
  found ctrl input: $procmux$656_CMP
  found ctrl input: $procmux$744_CMP
  found ctrl input: $procmux$747_CMP
  found state code: 3'000
  found ctrl input: \rx_sync
  found ctrl input: $ne$rtl/uart.sv:29$626_Y
  found state code: 3'100
  found ctrl input: $eq$rtl/uart.sv:35$639_Y
  found state code: 3'011
  found state code: 3'010
  found state code: 3'001
  found ctrl output: $procmux$723_CMP
  found ctrl output: $procmux$656_CMP
  found ctrl output: $procmux$744_CMP
  found ctrl output: $procmux$747_CMP
  found ctrl output: $procmux$696_CMP
  ctrl inputs: { $eq$rtl/uart.sv:35$639_Y $ne$rtl/uart.sv:29$626_Y \rx_sync \rst }
  ctrl outputs: { $procmux$747_CMP $procmux$744_CMP $procmux$723_CMP $procmux$696_CMP $procmux$656_CMP $0\state[2:0] }
  transition:      3'000 4'--00 ->      3'001 8'10000001
  transition:      3'000 4'--10 ->      3'000 8'10000000
  transition:      3'000 4'---1 ->      3'000 8'10000000
  transition:      3'100 4'--00 ->      3'100 8'00100100
  transition:      3'100 4'--10 ->      3'000 8'00100000
  transition:      3'100 4'---1 ->      3'000 8'00100000
  transition:      3'010 4'00-0 ->      3'010 8'00001010
  transition:      3'010 4'10-0 ->      3'011 8'00001011
  transition:      3'010 4'-1-0 ->      3'010 8'00001010
  transition:      3'010 4'---1 ->      3'000 8'00001000
  transition:      3'001 4'-000 ->      3'010 8'01000010
  transition:      3'001 4'-010 ->      3'000 8'01000000
  transition:      3'001 4'-1-0 ->      3'001 8'01000001
  transition:      3'001 4'---1 ->      3'000 8'01000000
  transition:      3'011 4'-000 ->      3'100 8'00010100
  transition:      3'011 4'-010 ->      3'000 8'00010000
  transition:      3'011 4'-1-0 ->      3'011 8'00010011
  transition:      3'011 4'---1 ->      3'000 8'00010000

3.7.3. Executing FSM_OPT pass (simple optimizations of FSMs).
Optimizing FSM `$fsm$\state$826' from module `\uart_rx'.

3.7.4. Executing OPT_CLEAN pass (remove unused cells and wires).
Finding unused cells or wires in module \uart_rx..
Removed 16 unused cells and 16 unused wires.
<suppressed ~17 debug messages>

3.7.5. Executing FSM_OPT pass (simple optimizations of FSMs).
Optimizing FSM `$fsm$\state$826' from module `\uart_rx'.
  Removing unused output signal $0\state[2:0] [0].
  Removing unused output signal $0\state[2:0] [1].
  Removing unused output signal $0\state[2:0] [2].
  Removing unused output signal $procmux$723_CMP.

3.7.6. Executing FSM_RECODE pass (re-assigning FSM state encoding).
Recoding FSM `$fsm$\state$826' from module `\uart_rx' using `auto' encoding:
  mapping auto encoding to `one-hot` for this FSM.
  000 -> ----1
  100 -> ---1-
  010 -> --1--
  001 -> -1---
  011 -> 1----

3.7.7. Executing FSM_INFO pass (dumping all available information on FSM cells).

FSM `$fsm$\state$826' from module `uart_rx':
-------------------------------------

  Information on FSM $fsm$\state$826 (\state):

  Number of input signals:    4
  Number of output signals:   4
  Number of state bits:       5

  Input signals:
    0: \rst
    1: \rx_sync
    2: $ne$rtl/uart.sv:29$626_Y
    3: $eq$rtl/uart.sv:35$639_Y

  Output signals:
    0: $procmux$656_CMP
    1: $procmux$696_CMP
    2: $procmux$744_CMP
    3: $procmux$747_CMP

  State encoding:
    0:    5'----1  <RESET STATE>
    1:    5'---1-
    2:    5'--1--
    3:    5'-1---
    4:    5'1----

  Transition Table (state_in, ctrl_in, state_out, ctrl_out):
      0:     0 4'--10   ->     0 4'1000
      1:     0 4'---1   ->     0 4'1000
      2:     0 4'--00   ->     3 4'1000
      3:     1 4'--10   ->     0 4'0000
      4:     1 4'---1   ->     0 4'0000
      5:     1 4'--00   ->     1 4'0000
      6:     2 4'---1   ->     0 4'0001
      7:     2 4'00-0   ->     2 4'0001
      8:     2 4'-1-0   ->     2 4'0001
      9:     2 4'10-0   ->     4 4'0001
     10:     3 4'-010   ->     0 4'0100
     11:     3 4'---1   ->     0 4'0100
     12:     3 4'-000   ->     2 4'0100
     13:     3 4'-1-0   ->     3 4'0100
     14:     4 4'-010   ->     0 4'0010
     15:     4 4'---1   ->     0 4'0010
     16:     4 4'-000   ->     1 4'0010
     17:     4 4'-1-0   ->     4 4'0010

-------------------------------------

3.7.8. Executing FSM_MAP pass (mapping FSMs to basic logic).
Mapping FSM `$fsm$\state$826' from module `\uart_rx'.

3.8. Executing OPT pass (performing simple optimizations).

3.8.1. Executing OPT_EXPR pass (perform const folding).
Optimizing module uart_rx.
<suppressed ~6 debug messages>

3.8.2. Executing OPT_MERGE pass (detect identical cells).
Finding identical cells in module `\uart_rx'.
Computing hashes of 78 cells of `\uart_rx'.
Finding duplicate cells in `\uart_rx'.
Computing hashes of 74 cells of `\uart_rx'.
Finding duplicate cells in `\uart_rx'.
<suppressed ~12 debug messages>
Removed a total of 4 cells.

3.8.3. Executing OPT_MUXTREE pass (detect dead branches in mux trees).
Running muxtree optimizer on module \uart_rx..
  Creating internal representation of mux trees.
  Evaluating internal representation of mux trees.
  Analyzing evaluation results.
Removed 0 multiplexer ports.
<suppressed ~38 debug messages>

3.8.4. Executing OPT_REDUCE pass (consolidate $*mux and $reduce_* inputs).
  Optimizing cells in module \uart_rx.
Performed a total of 0 changes.

3.8.5. Executing OPT_MERGE pass (detect identical cells).
Finding identical cells in module `\uart_rx'.
Computing hashes of 74 cells of `\uart_rx'.
Finding duplicate cells in `\uart_rx'.
Removed a total of 0 cells.

3.8.6. Executing OPT_DFF pass (perform DFF optimizations).
Adding SRST signal on $procdff$825 ($dff) from module uart_rx (D = \rx_meta, Q = \rx_sync, rval = 1'1).
Adding SRST signal on $procdff$824 ($dff) from module uart_rx (D = \rx, Q = \rx_meta, rval = 1'1).
Adding SRST signal on $procdff$815 ($dff) from module uart_rx (D = $procmux$703_Y, Q = \valid, rval = 1'0).
Adding SRST signal on $procdff$816 ($dff) from module uart_rx (D = $procmux$804_Y, Q = \data, rval = 8'00000000).
Adding EN signal on $auto$ff.cc:337:slice$899 ($sdff) from module uart_rx (D = \shift, Q = \data).
Adding SRST signal on $procdff$820 ($dff) from module uart_rx (D = $2$lookahead\shift$617[7:0]$624, Q = \shift, rval = 8'00000000).
Adding EN signal on $auto$ff.cc:337:slice$905 ($sdff) from module uart_rx (D = $or$rtl/uart.sv:34$638_Y, Q = \shift).
Adding SRST signal on $procdff$819 ($dff) from module uart_rx (D = $procmux$760_Y, Q = \bit_index, rval = 3'000).
Adding EN signal on $auto$ff.cc:337:slice$911 ($sdff) from module uart_rx (D = $procmux$760_Y, Q = \bit_index).
Adding SRST signal on $procdff$818 ($dff) from module uart_rx (D = $procmux$777_Y, Q = \timer, rval = 10'0000000000).
Adding EN signal on $auto$ff.cc:337:slice$925 ($sdff) from module uart_rx (D = $procmux$777_Y, Q = \timer).
Adding SRST signal on $procdff$817 ($dff) from module uart_rx (D = $procmux$690_Y, Q = \framing_error, rval = 1'0).

3.8.7. Executing OPT_CLEAN pass (remove unused cells and wires).
Finding unused cells or wires in module \uart_rx..
Removed 17 unused cells and 30 unused wires.
<suppressed ~18 debug messages>

3.8.8. Executing OPT_EXPR pass (perform const folding).
Optimizing module uart_rx.
<suppressed ~2 debug messages>

3.8.9. Rerunning OPT passes. (Maybe there is more to do..)

3.8.10. Executing OPT_MUXTREE pass (detect dead branches in mux trees).
Running muxtree optimizer on module \uart_rx..
  Creating internal representation of mux trees.
  Evaluating internal representation of mux trees.
  Analyzing evaluation results.
Removed 0 multiplexer ports.
<suppressed ~17 debug messages>

3.8.11. Executing OPT_REDUCE pass (consolidate $*mux and $reduce_* inputs).
  Optimizing cells in module \uart_rx.
Performed a total of 0 changes.

3.8.12. Executing OPT_MERGE pass (detect identical cells).
Finding identical cells in module `\uart_rx'.
Computing hashes of 76 cells of `\uart_rx'.
Finding duplicate cells in `\uart_rx'.
Computing hashes of 74 cells of `\uart_rx'.
Finding duplicate cells in `\uart_rx'.
Computing hashes of 73 cells of `\uart_rx'.
Finding duplicate cells in `\uart_rx'.
<suppressed ~9 debug messages>
Removed a total of 3 cells.

3.8.13. Executing OPT_DFF pass (perform DFF optimizations).

3.8.14. Executing OPT_CLEAN pass (remove unused cells and wires).
Finding unused cells or wires in module \uart_rx..
Removed 0 unused cells and 3 unused wires.
<suppressed ~1 debug messages>

3.8.15. Executing OPT_EXPR pass (perform const folding).
Optimizing module uart_rx.

3.8.16. Rerunning OPT passes. (Maybe there is more to do..)

3.8.17. Executing OPT_MUXTREE pass (detect dead branches in mux trees).
Running muxtree optimizer on module \uart_rx..
  Creating internal representation of mux trees.
  Evaluating internal representation of mux trees.
  Analyzing evaluation results.
Removed 0 multiplexer ports.
<suppressed ~17 debug messages>

3.8.18. Executing OPT_REDUCE pass (consolidate $*mux and $reduce_* inputs).
  Optimizing cells in module \uart_rx.
Performed a total of 0 changes.

3.8.19. Executing OPT_MERGE pass (detect identical cells).
Finding identical cells in module `\uart_rx'.
Computing hashes of 73 cells of `\uart_rx'.
Finding duplicate cells in `\uart_rx'.
Removed a total of 0 cells.

3.8.20. Executing OPT_DFF pass (perform DFF optimizations).

3.8.21. Executing OPT_CLEAN pass (remove unused cells and wires).
Finding unused cells or wires in module \uart_rx..

3.8.22. Executing OPT_EXPR pass (perform const folding).
Optimizing module uart_rx.

3.8.23. Finished fast OPT passes. (There is nothing left to do.)

3.9. Executing WREDUCE pass (reducing word size of cells).
Removed top 1 bits (of 2) from port B of cell uart_rx.$auto$simple.cc:194:make_patterns_logic$934 ($ne).
Removed top 1 bits (of 3) from port B of cell uart_rx.$auto$simple.cc:194:make_patterns_logic$930 ($ne).
Removed top 1 bits (of 3) from port B of cell uart_rx.$auto$fsm_map.cc:77:implement_pattern_cache$838 ($eq).
Converting cell uart_rx.$neg$rtl/uart.sv:34$636 ($neg) from signed to unsigned.
Removed top 1 bits (of 4) from port A of cell uart_rx.$neg$rtl/uart.sv:34$636 ($neg).

3.10. Executing PEEPOPT pass (run peephole optimizers).

3.11. Executing OPT_CLEAN pass (remove unused cells and wires).
Finding unused cells or wires in module \uart_rx..

3.12. Executing ALUMACC pass (create $alu and $macc cells).
Extracting $alu and $macc cells in module uart_rx:
  creating $macc model for $sub$rtl/uart.sv:38$642 ($sub).
  creating $macc model for $add$rtl/uart.sv:36$640 ($add).
  creating $macc model for $neg$rtl/uart.sv:34$636 ($neg).
  creating $alu model for $macc $neg$rtl/uart.sv:34$636.
  creating $alu model for $macc $add$rtl/uart.sv:36$640.
  creating $alu model for $macc $sub$rtl/uart.sv:38$642.
  creating $alu cell for $sub$rtl/uart.sv:38$642: $auto$alumacc.cc:548:replace_alu$942
  creating $alu cell for $add$rtl/uart.sv:36$640: $auto$alumacc.cc:548:replace_alu$945
  creating $alu cell for $neg$rtl/uart.sv:34$636: $auto$alumacc.cc:548:replace_alu$948
  created 3 $alu and 0 $macc cells.

3.13. Executing SHARE pass (SAT-based resource sharing).

3.14. Executing OPT pass (performing simple optimizations).

3.14.1. Executing OPT_EXPR pass (perform const folding).
Optimizing module uart_rx.

3.14.2. Executing OPT_MERGE pass (detect identical cells).
Finding identical cells in module `\uart_rx'.
Computing hashes of 73 cells of `\uart_rx'.
Finding duplicate cells in `\uart_rx'.
Removed a total of 0 cells.

3.14.3. Executing OPT_MUXTREE pass (detect dead branches in mux trees).
Running muxtree optimizer on module \uart_rx..
  Creating internal representation of mux trees.
  Evaluating internal representation of mux trees.
  Analyzing evaluation results.
Removed 0 multiplexer ports.
<suppressed ~17 debug messages>

3.14.4. Executing OPT_REDUCE pass (consolidate $*mux and $reduce_* inputs).
  Optimizing cells in module \uart_rx.
Performed a total of 0 changes.

3.14.5. Executing OPT_MERGE pass (detect identical cells).
Finding identical cells in module `\uart_rx'.
Computing hashes of 73 cells of `\uart_rx'.
Finding duplicate cells in `\uart_rx'.
Removed a total of 0 cells.

3.14.6. Executing OPT_DFF pass (perform DFF optimizations).

3.14.7. Executing OPT_CLEAN pass (remove unused cells and wires).
Finding unused cells or wires in module \uart_rx..

3.14.8. Executing OPT_EXPR pass (perform const folding).
Optimizing module uart_rx.

3.14.9. Finished fast OPT passes. (There is nothing left to do.)

3.15. Executing MEMORY pass.

3.15.1. Executing OPT_MEM pass (optimize memories).
Performed a total of 0 transformations.

3.15.2. Executing OPT_MEM_PRIORITY pass (removing unnecessary memory write priority relations).
Performed a total of 0 transformations.

3.15.3. Executing OPT_MEM_FEEDBACK pass (finding memory read-to-write feedback paths).

3.15.4. Executing MEMORY_BMUX2ROM pass (converting muxes to ROMs).

3.15.5. Executing MEMORY_DFF pass (merging $dff cells to $memrd).

3.15.6. Executing OPT_CLEAN pass (remove unused cells and wires).
Finding unused cells or wires in module \uart_rx..

3.15.7. Executing MEMORY_SHARE pass (consolidating $memrd/$memwr cells).

3.15.8. Executing OPT_MEM_WIDEN pass (optimize memories where all ports are wide).
Performed a total of 0 transformations.

3.15.9. Executing OPT_CLEAN pass (remove unused cells and wires).
Finding unused cells or wires in module \uart_rx..

3.15.10. Executing MEMORY_COLLECT pass (generating $mem cells).

3.16. Executing OPT_CLEAN pass (remove unused cells and wires).
Finding unused cells or wires in module \uart_rx..

3.17. Executing OPT pass (performing simple optimizations).

3.17.1. Executing OPT_EXPR pass (perform const folding).
Optimizing module uart_rx.
<suppressed ~11 debug messages>

3.17.2. Executing OPT_MERGE pass (detect identical cells).
Finding identical cells in module `\uart_rx'.
Computing hashes of 65 cells of `\uart_rx'.
Finding duplicate cells in `\uart_rx'.
Computing hashes of 64 cells of `\uart_rx'.
Finding duplicate cells in `\uart_rx'.
<suppressed ~3 debug messages>
Removed a total of 1 cells.

3.17.3. Executing OPT_DFF pass (perform DFF optimizations).

3.17.4. Executing OPT_CLEAN pass (remove unused cells and wires).
Finding unused cells or wires in module \uart_rx..
Removed 0 unused cells and 9 unused wires.
<suppressed ~1 debug messages>

3.17.5. Finished fast OPT passes.

3.18. Executing MEMORY_MAP pass (converting memories to logic and flip-flops).

3.19. Executing OPT pass (performing simple optimizations).

3.19.1. Executing OPT_EXPR pass (perform const folding).
Optimizing module uart_rx.

3.19.2. Executing OPT_MERGE pass (detect identical cells).
Finding identical cells in module `\uart_rx'.
Computing hashes of 64 cells of `\uart_rx'.
Finding duplicate cells in `\uart_rx'.
Removed a total of 0 cells.

3.19.3. Executing OPT_MUXTREE pass (detect dead branches in mux trees).
Running muxtree optimizer on module \uart_rx..
  Creating internal representation of mux trees.
  Evaluating internal representation of mux trees.
  Analyzing evaluation results.
Removed 0 multiplexer ports.
<suppressed ~8 debug messages>

3.19.4. Executing OPT_REDUCE pass (consolidate $*mux and $reduce_* inputs).
  Optimizing cells in module \uart_rx.
    New ctrl vector for $pmux cell $procmux$777: { \state [4] $auto$opt_reduce.cc:137:opt_pmux$952 }
  Optimizing cells in module \uart_rx.
Performed a total of 1 changes.

3.19.5. Executing OPT_MERGE pass (detect identical cells).
Finding identical cells in module `\uart_rx'.
Computing hashes of 65 cells of `\uart_rx'.
Finding duplicate cells in `\uart_rx'.
Removed a total of 0 cells.

3.19.6. Executing OPT_SHARE pass.

3.19.7. Executing OPT_DFF pass (perform DFF optimizations).

3.19.8. Executing OPT_CLEAN pass (remove unused cells and wires).
Finding unused cells or wires in module \uart_rx..

3.19.9. Executing OPT_EXPR pass (perform const folding).
Optimizing module uart_rx.

3.19.10. Rerunning OPT passes. (Maybe there is more to do..)

3.19.11. Executing OPT_MUXTREE pass (detect dead branches in mux trees).
Running muxtree optimizer on module \uart_rx..
  Creating internal representation of mux trees.
  Evaluating internal representation of mux trees.
  Analyzing evaluation results.
Removed 0 multiplexer ports.
<suppressed ~5 debug messages>

3.19.12. Executing OPT_REDUCE pass (consolidate $*mux and $reduce_* inputs).
  Optimizing cells in module \uart_rx.
Performed a total of 0 changes.

3.19.13. Executing OPT_MERGE pass (detect identical cells).
Finding identical cells in module `\uart_rx'.
Computing hashes of 65 cells of `\uart_rx'.
Finding duplicate cells in `\uart_rx'.
Removed a total of 0 cells.

3.19.14. Executing OPT_SHARE pass.

3.19.15. Executing OPT_DFF pass (perform DFF optimizations).

3.19.16. Executing OPT_CLEAN pass (remove unused cells and wires).
Finding unused cells or wires in module \uart_rx..

3.19.17. Executing OPT_EXPR pass (perform const folding).
Optimizing module uart_rx.

3.19.18. Finished fast OPT passes. (There is nothing left to do.)

3.20. Executing TECHMAP pass (map to technology primitives).

3.20.1. Executing Verilog-2005 frontend: /share/techmap.v
Parsing Verilog input from `/share/techmap.v' to AST representation.
Generating RTLIL representation for module `\_90_simplemap_bool_ops'.
Generating RTLIL representation for module `\_90_simplemap_reduce_ops'.
Generating RTLIL representation for module `\_90_simplemap_logic_ops'.
Generating RTLIL representation for module `\_90_simplemap_compare_ops'.
Generating RTLIL representation for module `\_90_simplemap_various'.
Generating RTLIL representation for module `\_90_simplemap_registers'.
Generating RTLIL representation for module `\_90_shift_ops_shr_shl_sshl_sshr'.
Generating RTLIL representation for module `\_90_shift_shiftx'.
Generating RTLIL representation for module `\_90_fa'.
Generating RTLIL representation for module `\_90_lcu_brent_kung'.
Generating RTLIL representation for module `\_90_alu'.
Generating RTLIL representation for module `\_90_macc'.
Generating RTLIL representation for module `\_90_alumacc'.
Generating RTLIL representation for module `$__div_mod_u'.
Generating RTLIL representation for module `$__div_mod_trunc'.
Generating RTLIL representation for module `\_90_div'.
Generating RTLIL representation for module `\_90_mod'.
Generating RTLIL representation for module `$__div_mod_floor'.
Generating RTLIL representation for module `\_90_divfloor'.
Generating RTLIL representation for module `\_90_modfloor'.
Generating RTLIL representation for module `\_90_pow'.
Generating RTLIL representation for module `\_90_demux'.
Generating RTLIL representation for module `\_90_lut'.
Generating RTLIL representation for module `$connect'.
Generating RTLIL representation for module `$input_port'.
Successfully finished Verilog frontend.

3.20.2. Continuing TECHMAP pass.
Using extmapper simplemap for cells of type $reduce_or.
Using template $paramod$025d767fc934a3e7d59a671de523743ebaa07759\_90_alu for cells of type $alu.
Using template $paramod$3ef7d3dd227da7627a99c5e5a6a4deb817573e39\_90_alu for cells of type $alu.
Using template $paramod$1eb759649286d7485bd82f4dfc30385bade4b4b3\_90_alu for cells of type $alu.
Using extmapper simplemap for cells of type $sdff.
Using extmapper simplemap for cells of type $reduce_and.
Using extmapper simplemap for cells of type $ne.
Using extmapper simplemap for cells of type $reduce_bool.
Using extmapper simplemap for cells of type $sdffe.
Using extmapper simplemap for cells of type $not.
Using extmapper simplemap for cells of type $and.
Using extmapper simplemap for cells of type $eq.
Using extmapper simplemap for cells of type $logic_not.
Using extmapper simplemap for cells of type $dff.
Using template $paramod$constmap:aaa79bdfe7451deca7ae697c0784fd1c184bd8f2$paramod$40ccfd5a7f1418017a9af25543d0c43a198b5946\_90_shift_shiftx for cells of type $shift.
Analyzing pattern of constant bits for this cell:
Creating constmapped module `$paramod$constmap:ed202111594f0a1b622ac8dc4bd7c990ea27025c$paramod$40ccfd5a7f1418017a9af25543d0c43a198b5946\_90_shift_shiftx'.

3.20.14. Executing OPT_MUXTREE pass (detect dead branches in mux trees).
Running muxtree optimizer on module $paramod$constmap:ed202111594f0a1b622ac8dc4bd7c990ea27025c$paramod$40ccfd5a7f1418017a9af25543d0c43a198b5946\_90_shift_shiftx..
  Creating internal representation of mux trees.
  Evaluating internal representation of mux trees.
  Analyzing evaluation results.
    dead port 2/2 on $mux $procmux$1247.
    dead port 2/2 on $mux $procmux$1253.
    dead port 2/2 on $mux $procmux$1259.
Removed 3 multiplexer ports.
<suppressed ~377 debug messages>

3.20.15. Executing OPT_EXPR pass (perform const folding).
Optimizing module $paramod$constmap:ed202111594f0a1b622ac8dc4bd7c990ea27025c$paramod$40ccfd5a7f1418017a9af25543d0c43a198b5946\_90_shift_shiftx.
<suppressed ~2 debug messages>
Removed 0 unused cells and 9 unused wires.
Using template $paramod$constmap:ed202111594f0a1b622ac8dc4bd7c990ea27025c$paramod$40ccfd5a7f1418017a9af25543d0c43a198b5946\_90_shift_shiftx for cells of type $shift.
Using extmapper simplemap for cells of type $or.
Using extmapper simplemap for cells of type $mux.
Using extmapper simplemap for cells of type $pmux.
Using extmapper simplemap for cells of type $pos.
Using template $paramod\_90_fa\WIDTH=32'00000000000000000000000000001010 for cells of type $fa.
Using template $paramod\_90_lcu_brent_kung\WIDTH=32'00000000000000000000000000001010 for cells of type $lcu.
Using extmapper simplemap for cells of type $xor.
Using template $paramod\_90_fa\WIDTH=32'00000000000000000000000000000011 for cells of type $fa.
Using template $paramod\_90_lcu_brent_kung\WIDTH=32'00000000000000000000000000000011 for cells of type $lcu.
Using template $paramod\_90_fa\WIDTH=32'00000000000000000000000000000100 for cells of type $fa.
Using template $paramod\_90_lcu_brent_kung\WIDTH=32'00000000000000000000000000000100 for cells of type $lcu.
No more expansions possible.
<suppressed ~406 debug messages>

3.21. Executing OPT pass (performing simple optimizations).

3.21.1. Executing OPT_EXPR pass (perform const folding).
Optimizing module uart_rx.
<suppressed ~260 debug messages>

3.21.2. Executing OPT_MERGE pass (detect identical cells).
Finding identical cells in module `\uart_rx'.
Computing hashes of 317 cells of `\uart_rx'.
Finding duplicate cells in `\uart_rx'.
Computing hashes of 293 cells of `\uart_rx'.
Finding duplicate cells in `\uart_rx'.
Computing hashes of 291 cells of `\uart_rx'.
Finding duplicate cells in `\uart_rx'.
<suppressed ~78 debug messages>
Removed a total of 26 cells.

3.21.3. Executing OPT_DFF pass (perform DFF optimizations).

3.21.4. Executing OPT_CLEAN pass (remove unused cells and wires).
Finding unused cells or wires in module \uart_rx..
Removed 8 unused cells and 221 unused wires.
<suppressed ~9 debug messages>

3.21.5. Finished fast OPT passes.

3.22. Executing ABC pass (technology mapping using ABC).

3.22.1. Extracting gate netlist of module `\uart_rx' to `<abc-temp-dir>/input.blif'..
