
-- Running command `read_verilog -sv rtl/rally.sv rtl/uart.sv; synth -top uart_tx; check -assert; stat' --

1. Executing Verilog-2005 frontend: rtl/rally.sv
Parsing SystemVerilog input from `rtl/rally.sv' to AST representation.
Generating RTLIL representation for module `\rally_control'.
Generating RTLIL representation for module `\rally_framer'.
Successfully finished Verilog frontend.

2. Executing Verilog-2005 frontend: rtl/uart.sv
Parsing SystemVerilog input from `rtl/uart.sv' to AST representation.
Generating RTLIL representation for module `\uart_rx'.
Generating RTLIL representation for module `\uart_tx'.
Successfully finished Verilog frontend.

3. Executing SYNTH pass.

3.1. Executing HIERARCHY pass (managing design hierarchy).

3.1.1. Analyzing design hierarchy..
Top module:  \uart_tx

3.1.2. Analyzing design hierarchy..
Top module:  \uart_tx
Removing unused module `\uart_rx'.
Removing unused module `\rally_framer'.
Removing unused module `\rally_control'.
Removed 3 unused modules.

3.2. Executing PROC pass (convert processes to netlists).

3.2.1. Executing PROC_CLEAN pass (remove empty switches from decision trees).
Cleaned up 0 empty switches.

3.2.2. Executing PROC_RMDEAD pass (remove dead branches from decision trees).
Marked 3 switch rules as full_case in process $proc$rtl/uart.sv:61$645 in module uart_tx.
Removed a total of 0 dead cases.

3.2.3. Executing PROC_PRUNE pass (remove redundant assignments in processes).
Removed 0 redundant assignments.
Promoted 0 assignments to connections.

3.2.4. Executing PROC_INIT pass (extract init attributes).

3.2.5. Executing PROC_ARST pass (detect async resets in processes).

3.2.6. Executing PROC_ROM pass (convert switches to ROMs).
Converted 0 switches.
<suppressed ~4 debug messages>

3.2.7. Executing PROC_MUX pass (convert decision trees to multiplexers).
Creating decoders for process `\uart_tx.$proc$rtl/uart.sv:61$645'.
     1/3: $0\bits_left[3:0]
     2/3: $0\shift[9:0]
     3/3: $0\timer[9:0]

3.2.8. Executing PROC_DLATCH pass (convert process syncs to latches).

3.2.9. Executing PROC_DFF pass (convert process syncs to FFs).
Creating register for signal `\uart_tx.\timer' using process `\uart_tx.$proc$rtl/uart.sv:61$645'.
  created $dff cell `$procdff$682' with positive edge clock.
Creating register for signal `\uart_tx.\shift' using process `\uart_tx.$proc$rtl/uart.sv:61$645'.
  created $dff cell `$procdff$683' with positive edge clock.
Creating register for signal `\uart_tx.\bits_left' using process `\uart_tx.$proc$rtl/uart.sv:61$645'.
  created $dff cell `$procdff$684' with positive edge clock.

3.2.10. Executing PROC_MEMWR pass (convert process memory writes to cells).

3.2.11. Executing PROC_CLEAN pass (remove empty switches from decision trees).
Found and cleaned up 4 empty switches in `\uart_tx.$proc$rtl/uart.sv:61$645'.
Removing empty process `uart_tx.$proc$rtl/uart.sv:61$645'.
Cleaned up 4 empty switches.

3.2.12. Executing OPT_EXPR pass (perform const folding).
Optimizing module uart_tx.
<suppressed ~2 debug messages>

3.3. Executing OPT_EXPR pass (perform const folding).
Optimizing module uart_tx.

3.4. Executing OPT_CLEAN pass (remove unused cells and wires).
Finding unused cells or wires in module \uart_tx..
Removed 0 unused cells and 17 unused wires.
<suppressed ~1 debug messages>

3.5. Executing CHECK pass (checking for obvious problems).
Checking module uart_tx...
Found and reported 0 problems.

3.6. Executing OPT pass (performing simple optimizations).

3.6.1. Executing OPT_EXPR pass (perform const folding).
Optimizing module uart_tx.

3.6.2. Executing OPT_MERGE pass (detect identical cells).
Finding identical cells in module `\uart_tx'.
Computing hashes of 20 cells of `\uart_tx'.
Finding duplicate cells in `\uart_tx'.
Removed a total of 0 cells.

3.6.3. Executing OPT_MUXTREE pass (detect dead branches in mux trees).
Running muxtree optimizer on module \uart_tx..
  Creating internal representation of mux trees.
  Evaluating internal representation of mux trees.
  Analyzing evaluation results.
Removed 0 multiplexer ports.
<suppressed ~17 debug messages>

3.6.4. Executing OPT_REDUCE pass (consolidate $*mux and $reduce_* inputs).
  Optimizing cells in module \uart_tx.
Performed a total of 0 changes.

3.6.5. Executing OPT_MERGE pass (detect identical cells).
Finding identical cells in module `\uart_tx'.
Computing hashes of 20 cells of `\uart_tx'.
Finding duplicate cells in `\uart_tx'.
Removed a total of 0 cells.

3.6.6. Executing OPT_DFF pass (perform DFF optimizations).

3.6.7. Executing OPT_CLEAN pass (remove unused cells and wires).
Finding unused cells or wires in module \uart_tx..

3.6.8. Executing OPT_EXPR pass (perform const folding).
Optimizing module uart_tx.

3.6.9. Finished fast OPT passes. (There is nothing left to do.)

3.7. Executing FSM pass (extract and optimize FSM).

3.7.1. Executing FSM_DETECT pass (finding FSMs in design).

3.7.2. Executing FSM_EXTRACT pass (extracting FSM from design).

3.7.3. Executing FSM_OPT pass (simple optimizations of FSMs).

3.7.4. Executing OPT_CLEAN pass (remove unused cells and wires).
Finding unused cells or wires in module \uart_tx..

3.7.5. Executing FSM_OPT pass (simple optimizations of FSMs).

3.7.6. Executing FSM_RECODE pass (re-assigning FSM state encoding).

3.7.7. Executing FSM_INFO pass (dumping all available information on FSM cells).

3.7.8. Executing FSM_MAP pass (mapping FSMs to basic logic).

3.8. Executing OPT pass (performing simple optimizations).

3.8.1. Executing OPT_EXPR pass (perform const folding).
Optimizing module uart_tx.

3.8.2. Executing OPT_MERGE pass (detect identical cells).
Finding identical cells in module `\uart_tx'.
Computing hashes of 20 cells of `\uart_tx'.
Finding duplicate cells in `\uart_tx'.
Removed a total of 0 cells.

3.8.3. Executing OPT_MUXTREE pass (detect dead branches in mux trees).
Running muxtree optimizer on module \uart_tx..
  Creating internal representation of mux trees.
  Evaluating internal representation of mux trees.
  Analyzing evaluation results.
Removed 0 multiplexer ports.
<suppressed ~17 debug messages>

3.8.4. Executing OPT_REDUCE pass (consolidate $*mux and $reduce_* inputs).
  Optimizing cells in module \uart_tx.
Performed a total of 0 changes.

3.8.5. Executing OPT_MERGE pass (detect identical cells).
Finding identical cells in module `\uart_tx'.
Computing hashes of 20 cells of `\uart_tx'.
Finding duplicate cells in `\uart_tx'.
Removed a total of 0 cells.

3.8.6. Executing OPT_DFF pass (perform DFF optimizations).
Adding SRST signal on $procdff$682 ($dff) from module uart_tx (D = $procmux$677_Y, Q = \timer, rval = 10'0000000000).
Adding EN signal on $auto$ff.cc:337:slice$685 ($sdff) from module uart_tx (D = $procmux$677_Y, Q = \timer).
Adding SRST signal on $procdff$683 ($dff) from module uart_tx (D = $procmux$666_Y, Q = \shift, rval = 10'1111111111).
Adding EN signal on $auto$ff.cc:337:slice$689 ($sdff) from module uart_tx (D = $procmux$666_Y, Q = \shift).
Adding SRST signal on $procdff$684 ($dff) from module uart_tx (D = $procmux$655_Y, Q = \bits_left, rval = 4'0000).
Adding EN signal on $auto$ff.cc:337:slice$697 ($sdff) from module uart_tx (D = $procmux$655_Y, Q = \bits_left).

3.8.7. Executing OPT_CLEAN pass (remove unused cells and wires).
Finding unused cells or wires in module \uart_tx..
Removed 3 unused cells and 3 unused wires.
<suppressed ~4 debug messages>

3.8.8. Executing OPT_EXPR pass (perform const folding).
Optimizing module uart_tx.

3.8.9. Rerunning OPT passes. (Maybe there is more to do..)

3.8.10. Executing OPT_MUXTREE pass (detect dead branches in mux trees).
Running muxtree optimizer on module \uart_tx..
  Creating internal representation of mux trees.
  Evaluating internal representation of mux trees.
  Analyzing evaluation results.
Removed 0 multiplexer ports.
<suppressed ~14 debug messages>

3.8.11. Executing OPT_REDUCE pass (consolidate $*mux and $reduce_* inputs).
  Optimizing cells in module \uart_tx.
Performed a total of 0 changes.

3.8.12. Executing OPT_MERGE pass (detect identical cells).
Finding identical cells in module `\uart_tx'.
Computing hashes of 24 cells of `\uart_tx'.
Finding duplicate cells in `\uart_tx'.
Computing hashes of 21 cells of `\uart_tx'.
Finding duplicate cells in `\uart_tx'.
Computing hashes of 20 cells of `\uart_tx'.
Finding duplicate cells in `\uart_tx'.
<suppressed ~12 debug messages>
Removed a total of 4 cells.

3.8.13. Executing OPT_DFF pass (perform DFF optimizations).

3.8.14. Executing OPT_CLEAN pass (remove unused cells and wires).
Finding unused cells or wires in module \uart_tx..
Removed 0 unused cells and 4 unused wires.
<suppressed ~1 debug messages>

3.8.15. Executing OPT_EXPR pass (perform const folding).
Optimizing module uart_tx.

3.8.16. Rerunning OPT passes. (Maybe there is more to do..)

3.8.17. Executing OPT_MUXTREE pass (detect dead branches in mux trees).
Running muxtree optimizer on module \uart_tx..
  Creating internal representation of mux trees.
  Evaluating internal representation of mux trees.
  Analyzing evaluation results.
Removed 0 multiplexer ports.
<suppressed ~14 debug messages>

3.8.18. Executing OPT_REDUCE pass (consolidate $*mux and $reduce_* inputs).
  Optimizing cells in module \uart_tx.
Performed a total of 0 changes.

3.8.19. Executing OPT_MERGE pass (detect identical cells).
Finding identical cells in module `\uart_tx'.
Computing hashes of 20 cells of `\uart_tx'.
Finding duplicate cells in `\uart_tx'.
Removed a total of 0 cells.

3.8.20. Executing OPT_DFF pass (perform DFF optimizations).

3.8.21. Executing OPT_CLEAN pass (remove unused cells and wires).
Finding unused cells or wires in module \uart_tx..

3.8.22. Executing OPT_EXPR pass (perform const folding).
Optimizing module uart_tx.

3.8.23. Finished fast OPT passes. (There is nothing left to do.)

3.9. Executing WREDUCE pass (reducing word size of cells).

3.10. Executing PEEPOPT pass (run peephole optimizers).

3.11. Executing OPT_CLEAN pass (remove unused cells and wires).
Finding unused cells or wires in module \uart_tx..

3.12. Executing ALUMACC pass (create $alu and $macc cells).
Extracting $alu and $macc cells in module uart_tx:
  creating $macc model for $sub$rtl/uart.sv:67$648 ($sub).
  creating $macc model for $sub$rtl/uart.sv:65$647 ($sub).
  creating $alu model for $macc $sub$rtl/uart.sv:65$647.
  creating $alu model for $macc $sub$rtl/uart.sv:67$648.
  creating $alu cell for $sub$rtl/uart.sv:67$648: $auto$alumacc.cc:548:replace_alu$705
  creating $alu cell for $sub$rtl/uart.sv:65$647: $auto$alumacc.cc:548:replace_alu$708
  created 2 $alu and 0 $macc cells.

3.13. Executing SHARE pass (SAT-based resource sharing).

3.14. Executing OPT pass (performing simple optimizations).

3.14.1. Executing OPT_EXPR pass (perform const folding).
Optimizing module uart_tx.

3.14.2. Executing OPT_MERGE pass (detect identical cells).
Finding identical cells in module `\uart_tx'.
Computing hashes of 20 cells of `\uart_tx'.
Finding duplicate cells in `\uart_tx'.
Removed a total of 0 cells.

3.14.3. Executing OPT_MUXTREE pass (detect dead branches in mux trees).
Running muxtree optimizer on module \uart_tx..
  Creating internal representation of mux trees.
  Evaluating internal representation of mux trees.
  Analyzing evaluation results.
Removed 0 multiplexer ports.
<suppressed ~14 debug messages>

3.14.4. Executing OPT_REDUCE pass (consolidate $*mux and $reduce_* inputs).
  Optimizing cells in module \uart_tx.
Performed a total of 0 changes.

3.14.5. Executing OPT_MERGE pass (detect identical cells).
Finding identical cells in module `\uart_tx'.
Computing hashes of 20 cells of `\uart_tx'.
Finding duplicate cells in `\uart_tx'.
Removed a total of 0 cells.

3.14.6. Executing OPT_DFF pass (perform DFF optimizations).

3.14.7. Executing OPT_CLEAN pass (remove unused cells and wires).
Finding unused cells or wires in module \uart_tx..

3.14.8. Executing OPT_EXPR pass (perform const folding).
Optimizing module uart_tx.

3.14.9. Finished fast OPT passes. (There is nothing left to do.)

3.15. Executing MEMORY pass.

3.15.1. Executing OPT_MEM pass (optimize memories).
Performed a total of 0 transformations.

3.15.2. Executing OPT_MEM_PRIORITY pass (removing unnecessary memory write priority relations).
Performed a total of 0 transformations.

3.15.3. Executing OPT_MEM_FEEDBACK pass (finding memory read-to-write feedback paths).

3.15.4. Executing MEMORY_BMUX2ROM pass (converting muxes to ROMs).

3.15.5. Executing MEMORY_DFF pass (merging $dff cells to $memrd).

3.15.6. Executing OPT_CLEAN pass (remove unused cells and wires).
Finding unused cells or wires in module \uart_tx..

3.15.7. Executing MEMORY_SHARE pass (consolidating $memrd/$memwr cells).

3.15.8. Executing OPT_MEM_WIDEN pass (optimize memories where all ports are wide).
Performed a total of 0 transformations.

3.15.9. Executing OPT_CLEAN pass (remove unused cells and wires).
Finding unused cells or wires in module \uart_tx..

3.15.10. Executing MEMORY_COLLECT pass (generating $mem cells).

3.16. Executing OPT_CLEAN pass (remove unused cells and wires).
Finding unused cells or wires in module \uart_tx..

3.17. Executing OPT pass (performing simple optimizations).

3.17.1. Executing OPT_EXPR pass (perform const folding).
Optimizing module uart_tx.
<suppressed ~6 debug messages>

3.17.2. Executing OPT_MERGE pass (detect identical cells).
Finding identical cells in module `\uart_tx'.
Computing hashes of 15 cells of `\uart_tx'.
Finding duplicate cells in `\uart_tx'.
Removed a total of 0 cells.

3.17.3. Executing OPT_DFF pass (perform DFF optimizations).

3.17.4. Executing OPT_CLEAN pass (remove unused cells and wires).
Finding unused cells or wires in module \uart_tx..
Removed 0 unused cells and 5 unused wires.
<suppressed ~1 debug messages>

3.17.5. Finished fast OPT passes.

3.18. Executing MEMORY_MAP pass (converting memories to logic and flip-flops).

3.19. Executing OPT pass (performing simple optimizations).

3.19.1. Executing OPT_EXPR pass (perform const folding).
Optimizing module uart_tx.

3.19.2. Executing OPT_MERGE pass (detect identical cells).
Finding identical cells in module `\uart_tx'.
Computing hashes of 15 cells of `\uart_tx'.
Finding duplicate cells in `\uart_tx'.
Removed a total of 0 cells.

3.19.3. Executing OPT_MUXTREE pass (detect dead branches in mux trees).
Running muxtree optimizer on module \uart_tx..
  Creating internal representation of mux trees.
  Evaluating internal representation of mux trees.
  Analyzing evaluation results.
Removed 0 multiplexer ports.
<suppressed ~7 debug messages>

3.19.4. Executing OPT_REDUCE pass (consolidate $*mux and $reduce_* inputs).
  Optimizing cells in module \uart_tx.
    Consolidated identical input bits for $mux cell $procmux$666:
      Old ports: A={ 1'1 \shift [9:1] }, B={ 1'1 \data 1'0 }, Y=$procmux$666_Y
      New ports: A=\shift [9:1], B={ \data 1'0 }, Y=$procmux$666_Y [8:0]
      New connections: $procmux$666_Y [9] = 1'1
  Optimizing cells in module \uart_tx.
Performed a total of 1 changes.

3.19.5. Executing OPT_MERGE pass (detect identical cells).
Finding identical cells in module `\uart_tx'.
Computing hashes of 15 cells of `\uart_tx'.
Finding duplicate cells in `\uart_tx'.
Removed a total of 0 cells.

3.19.6. Executing OPT_SHARE pass.

3.19.7. Executing OPT_DFF pass (perform DFF optimizations).
Setting constant 1-bit at position 9 on $auto$ff.cc:337:slice$690 ($sdffe) from module uart_tx.

3.19.8. Executing OPT_CLEAN pass (remove unused cells and wires).
Finding unused cells or wires in module \uart_tx..

3.19.9. Executing OPT_EXPR pass (perform const folding).
Optimizing module uart_tx.

3.19.10. Rerunning OPT passes. (Maybe there is more to do..)

3.19.11. Executing OPT_MUXTREE pass (detect dead branches in mux trees).
Running muxtree optimizer on module \uart_tx..
  Creating internal representation of mux trees.
  Evaluating internal representation of mux trees.
  Analyzing evaluation results.
Removed 0 multiplexer ports.
<suppressed ~7 debug messages>

3.19.12. Executing OPT_REDUCE pass (consolidate $*mux and $reduce_* inputs).
  Optimizing cells in module \uart_tx.
Performed a total of 0 changes.

3.19.13. Executing OPT_MERGE pass (detect identical cells).
Finding identical cells in module `\uart_tx'.
Computing hashes of 15 cells of `\uart_tx'.
Finding duplicate cells in `\uart_tx'.
Removed a total of 0 cells.

3.19.14. Executing OPT_SHARE pass.

3.19.15. Executing OPT_DFF pass (perform DFF optimizations).

3.19.16. Executing OPT_CLEAN pass (remove unused cells and wires).
Finding unused cells or wires in module \uart_tx..

3.19.17. Executing OPT_EXPR pass (perform const folding).
Optimizing module uart_tx.

3.19.18. Finished fast OPT passes. (There is nothing left to do.)

3.20. Executing TECHMAP pass (map to technology primitives).

3.20.1. Executing Verilog-2005 frontend: /share/techmap.v
Parsing Verilog input from `/share/techmap.v' to AST representation.
Generating RTLIL representation for module `\_90_simplemap_bool_ops'.
Generating RTLIL representation for module `\_90_simplemap_reduce_ops'.
Generating RTLIL representation for module `\_90_simplemap_logic_ops'.
Generating RTLIL representation for module `\_90_simplemap_compare_ops'.
Generating RTLIL representation for module `\_90_simplemap_various'.
Generating RTLIL representation for module `\_90_simplemap_registers'.
Generating RTLIL representation for module `\_90_shift_ops_shr_shl_sshl_sshr'.
Generating RTLIL representation for module `\_90_shift_shiftx'.
Generating RTLIL representation for module `\_90_fa'.
Generating RTLIL representation for module `\_90_lcu_brent_kung'.
Generating RTLIL representation for module `\_90_alu'.
Generating RTLIL representation for module `\_90_macc'.
Generating RTLIL representation for module `\_90_alumacc'.
Generating RTLIL representation for module `$__div_mod_u'.
Generating RTLIL representation for module `$__div_mod_trunc'.
Generating RTLIL representation for module `\_90_div'.
Generating RTLIL representation for module `\_90_mod'.
Generating RTLIL representation for module `$__div_mod_floor'.
Generating RTLIL representation for module `\_90_divfloor'.
Generating RTLIL representation for module `\_90_modfloor'.
Generating RTLIL representation for module `\_90_pow'.
Generating RTLIL representation for module `\_90_demux'.
Generating RTLIL representation for module `\_90_lut'.
Generating RTLIL representation for module `$connect'.
Generating RTLIL representation for module `$input_port'.
Successfully finished Verilog frontend.

3.20.2. Continuing TECHMAP pass.
Using extmapper simplemap for cells of type $sdffe.
Using template $paramod$1eb759649286d7485bd82f4dfc30385bade4b4b3\_90_alu for cells of type $alu.
Using template $paramod$8742280fdebca84e1c87f2a86ed84f62d558f4cc\_90_alu for cells of type $alu.
Using extmapper simplemap for cells of type $reduce_and.
Using extmapper simplemap for cells of type $ne.
Using extmapper simplemap for cells of type $logic_not.
Using extmapper simplemap for cells of type $or.
Using extmapper simplemap for cells of type $reduce_bool.
Using extmapper simplemap for cells of type $mux.
Using extmapper simplemap for cells of type $not.
Using extmapper simplemap for cells of type $pos.
Using template $paramod\_90_fa\WIDTH=32'00000000000000000000000000000100 for cells of type $fa.
Using template $paramod\_90_lcu_brent_kung\WIDTH=32'00000000000000000000000000000100 for cells of type $lcu.
Using extmapper simplemap for cells of type $xor.
Using template $paramod\_90_fa\WIDTH=32'00000000000000000000000000001010 for cells of type $fa.
Using template $paramod\_90_lcu_brent_kung\WIDTH=32'00000000000000000000000000001010 for cells of type $lcu.
Using extmapper simplemap for cells of type $and.
No more expansions possible.
<suppressed ~400 debug messages>

3.21. Executing OPT pass (performing simple optimizations).

3.21.1. Executing OPT_EXPR pass (perform const folding).
Optimizing module uart_tx.
<suppressed ~134 debug messages>

3.21.2. Executing OPT_MERGE pass (detect identical cells).
Finding identical cells in module `\uart_tx'.
Computing hashes of 142 cells of `\uart_tx'.
Finding duplicate cells in `\uart_tx'.
Removed a total of 0 cells.

3.21.3. Executing OPT_DFF pass (perform DFF optimizations).

3.21.4. Executing OPT_CLEAN pass (remove unused cells and wires).
Finding unused cells or wires in module \uart_tx..
Removed 10 unused cells and 109 unused wires.
<suppressed ~11 debug messages>

3.21.5. Finished fast OPT passes.

3.22. Executing ABC pass (technology mapping using ABC).

3.22.1. Extracting gate netlist of module `\uart_tx' to `<abc-temp-dir>/input.blif'..
